Component: ARM Compiler 5.06 update 6 (build 750) Tool: armlink [4d35ed]

==============================================================================

Section Cross References

    main.o(i.main) refers to delay.o(i.delay_init) for delay_init
    main.o(i.main) refers to usart.o(i.uart_init) for uart_init
    main.o(i.main) refers to tim.o(i.TIM1_Cap_Init) for TIM1_Cap_Init
    main.o(i.main) refers to tim.o(i.MY_TIM3_PWM_Init) for MY_TIM3_PWM_Init
    main.o(i.main) refers to tim.o(i.PID_Time_Init) for PID_Time_Init
    main.o(i.main) refers to ahrs.o(i.AHRS_Time_Init) for AHRS_Time_Init
    main.o(i.main) refers to mpu6050.o(i.MPU_Init) for MPU_Init
    main.o(i.main) refers to mpu6050.o(i.HMC5883L_Init) for HMC5883L_Init
    main.o(i.main) refers to misc.o(i.NVIC_PriorityGroupConfig) for NVIC_PriorityGroupConfig
    main.o(i.main) refers to ahrs.o(i.get_angle) for get_angle
    main.o(i.main) refers to pid2.o(i.Motor_Expectation_Calculate) for Motor_Expectation_Calculate
    main.o(i.main) refers to pid2.o(i.Motor_Calculate) for Motor_Calculate
    main.o(i.main) refers to motor.o(i.PWM_Output) for PWM_Output
    main.o(i.main) refers to pwm_capture.o(.data) for PWMInCh4
    main.o(i.main) refers to pid2.o(.data) for Motor_4
    pid2.o(i.Motor_Calculate) refers to tim.o(i.Get_PID_Time) for Get_PID_Time
    pid2.o(i.Motor_Calculate) refers to pid2.o(i.PID_Roll_Calculate) for PID_Roll_Calculate
    pid2.o(i.Motor_Calculate) refers to pid2.o(i.PID_Pitch_Calculate) for PID_Pitch_Calculate
    pid2.o(i.Motor_Calculate) refers to pid2.o(i.PID_Yaw_Calculate) for PID_Yaw_Calculate
    pid2.o(i.Motor_Calculate) refers to pid2.o(i.Limit_PWM) for Limit_PWM
    pid2.o(i.Motor_Calculate) refers to pid2.o(.data) for Time_dt
    pid2.o(i.Motor_Expectation_Calculate) refers to pid2.o(.data) for Roll_Mid
    pid2.o(i.PID_Pitch_Calculate) refers to ahrs.o(.data) for Angle_Pitch
    pid2.o(i.PID_Pitch_Calculate) refers to pid2.o(.data) for Motor_Pitch
    pid2.o(i.PID_Roll_Calculate) refers to ahrs.o(.data) for Angle_Roll
    pid2.o(i.PID_Roll_Calculate) refers to pid2.o(.data) for Motor_Roll
    pid2.o(i.PID_Yaw_Calculate) refers to ahrs.o(.data) for GYRO_Z
    pid2.o(i.PID_Yaw_Calculate) refers to pid2.o(.data) for Motor_Yaw
    motor.o(i.Moto_Reflash) refers to stm32f4xx_tim.o(i.TIM_SetCompare1) for TIM_SetCompare1
    motor.o(i.Moto_Reflash) refers to stm32f4xx_tim.o(i.TIM_SetCompare2) for TIM_SetCompare2
    motor.o(i.Moto_Reflash) refers to stm32f4xx_tim.o(i.TIM_SetCompare3) for TIM_SetCompare3
    motor.o(i.Moto_Reflash) refers to stm32f4xx_tim.o(i.TIM_SetCompare4) for TIM_SetCompare4
    motor.o(i.PWM_Output) refers to stm32f4xx_tim.o(i.TIM_SetCompare1) for TIM_SetCompare1
    motor.o(i.PWM_Output) refers to stm32f4xx_tim.o(i.TIM_SetCompare2) for TIM_SetCompare2
    motor.o(i.PWM_Output) refers to stm32f4xx_tim.o(i.TIM_SetCompare3) for TIM_SetCompare3
    motor.o(i.PWM_Output) refers to stm32f4xx_tim.o(i.TIM_SetCompare4) for TIM_SetCompare4
    usart.o(.rev16_text) refers (Special) to use_no_semi_2.o(.text) for __use_no_semihosting
    usart.o(.revsh_text) refers (Special) to use_no_semi_2.o(.text) for __use_no_semihosting
    usart.o(i.USART1_IRQHandler) refers (Special) to use_no_semi_2.o(.text) for __use_no_semihosting
    usart.o(i.USART1_IRQHandler) refers to stm32f4xx_usart.o(i.USART_GetITStatus) for USART_GetITStatus
    usart.o(i.USART1_IRQHandler) refers to stm32f4xx_usart.o(i.USART_ReceiveData) for USART_ReceiveData
    usart.o(i.USART1_IRQHandler) refers to usart.o(.data) for USART_RX_STA
    usart.o(i.USART1_IRQHandler) refers to usart.o(.bss) for USART_RX_BUF
    usart.o(i._sys_exit) refers (Special) to use_no_semi_2.o(.text) for __use_no_semihosting
    usart.o(i.fputc) refers (Special) to use_no_semi_2.o(.text) for __use_no_semihosting
    usart.o(i.uart_init) refers (Special) to use_no_semi_2.o(.text) for __use_no_semihosting
    usart.o(i.uart_init) refers to stm32f4xx_rcc.o(i.RCC_AHB1PeriphClockCmd) for RCC_AHB1PeriphClockCmd
    usart.o(i.uart_init) refers to stm32f4xx_rcc.o(i.RCC_APB2PeriphClockCmd) for RCC_APB2PeriphClockCmd
    usart.o(i.uart_init) refers to stm32f4xx_gpio.o(i.GPIO_PinAFConfig) for GPIO_PinAFConfig
    usart.o(i.uart_init) refers to stm32f4xx_gpio.o(i.GPIO_Init) for GPIO_Init
    usart.o(i.uart_init) refers to stm32f4xx_usart.o(i.USART_Init) for USART_Init
    usart.o(i.uart_init) refers to stm32f4xx_usart.o(i.USART_Cmd) for USART_Cmd
    usart.o(i.uart_init) refers to stm32f4xx_usart.o(i.USART_ITConfig) for USART_ITConfig
    usart.o(i.uart_init) refers to misc.o(i.NVIC_Init) for NVIC_Init
    usart.o(.bss) refers (Special) to use_no_semi_2.o(.text) for __use_no_semihosting
    usart.o(.data) refers (Special) to use_no_semi_2.o(.text) for __use_no_semihosting
    myiic.o(i.IIC_Ack) refers to delay.o(i.delay_us) for delay_us
    myiic.o(i.IIC_Init) refers to stm32f4xx_rcc.o(i.RCC_AHB1PeriphClockCmd) for RCC_AHB1PeriphClockCmd
[...]
    i.TI1_Config                             0x080028e8   Section        0  stm32f4xx_tim.o(i.TI1_Config)
    TI1_Config                               0x080028e9   Thumb Code    58  stm32f4xx_tim.o(i.TI1_Config)
    i.TI2_Config                             0x08002922   Section        0  stm32f4xx_tim.o(i.TI2_Config)
    TI2_Config                               0x08002923   Thumb Code    80  stm32f4xx_tim.o(i.TI2_Config)
    i.TI3_Config                             0x08002972   Section        0  stm32f4xx_tim.o(i.TI3_Config)
    TI3_Config                               0x08002973   Thumb Code    72  stm32f4xx_tim.o(i.TI3_Config)
    i.TI4_Config                             0x080029ba   Section        0  stm32f4xx_tim.o(i.TI4_Config)
    TI4_Config                               0x080029bb   Thumb Code    80  stm32f4xx_tim.o(i.TI4_Config)
    i.TIM1_CC_IRQHandler                     0x08002a0c   Section        0  tim.o(i.TIM1_CC_IRQHandler)
    i.TIM1_Cap_Init                          0x08002c4c   Section        0  tim.o(i.TIM1_Cap_Init)
    i.TIM_ClearITPendingBit                  0x08002dc8   Section        0  stm32f4xx_tim.o(i.TIM_ClearITPendingBit)
    i.TIM_Cmd                                0x08002dce   Section        0  stm32f4xx_tim.o(i.TIM_Cmd)
    i.TIM_DeInit                             0x08002de8   Section        0  stm32f4xx_tim.o(i.TIM_DeInit)
    i.TIM_GetCapture1                        0x08002f78   Section        0  stm32f4xx_tim.o(i.TIM_GetCapture1)
    i.TIM_GetCapture2                        0x08002f7e   Section        0  stm32f4xx_tim.o(i.TIM_GetCapture2)
    i.TIM_GetCapture3                        0x08002f84   Section        0  stm32f4xx_tim.o(i.TIM_GetCapture3)
    i.TIM_GetCapture4                        0x08002f8a   Section        0  stm32f4xx_tim.o(i.TIM_GetCapture4)
    i.TIM_GetITStatus                        0x08002f90   Section        0  stm32f4xx_tim.o(i.TIM_GetITStatus)
    i.TIM_ICInit                             0x08002fb2   Section        0  stm32f4xx_tim.o(i.TIM_ICInit)
    i.TIM_ITConfig                           0x08003020   Section        0  stm32f4xx_tim.o(i.TIM_ITConfig)
    i.TIM_OC1Init                            0x08003034   Section        0  stm32f4xx_tim.o(i.TIM_OC1Init)
    i.TIM_OC1PolarityConfig                  0x080030b0   Section        0  stm32f4xx_tim.o(i.TIM_OC1PolarityConfig)
    i.TIM_OC1PreloadConfig                   0x080030c2   Section        0  stm32f4xx_tim.o(i.TIM_OC1PreloadConfig)
    i.TIM_OC2Init                            0x080030d4   Section        0  stm32f4xx_tim.o(i.TIM_OC2Init)
    i.TIM_OC2PolarityConfig                  0x08003178   Section        0  stm32f4xx_tim.o(i.TIM_OC2PolarityConfig)
    i.TIM_OC2PreloadConfig                   0x08003192   Section        0  stm32f4xx_tim.o(i.TIM_OC2PreloadConfig)
    i.TIM_OC3Init                            0x080031ac   Section        0  stm32f4xx_tim.o(i.TIM_OC3Init)
    i.TIM_OC3PolarityConfig                  0x0800324c   Section        0  stm32f4xx_tim.o(i.TIM_OC3PolarityConfig)
    i.TIM_OC3PreloadConfig                   0x08003266   Section        0  stm32f4xx_tim.o(i.TIM_OC3PreloadConfig)
    i.TIM_OC4Init                            0x08003278   Section        0  stm32f4xx_tim.o(i.TIM_OC4Init)
    i.TIM_OC4PolarityConfig                  0x080032f0   Section        0  stm32f4xx_tim.o(i.TIM_OC4PolarityConfig)
    i.TIM_OC4PreloadConfig                   0x0800330a   Section        0  stm32f4xx_tim.o(i.TIM_OC4PreloadConfig)
    i.TIM_SetCompare1                        0x08003324   Section        0  stm32f4xx_tim.o(i.TIM_SetCompare1)
    i.TIM_SetCompare2                        0x08003328   Section        0  stm32f4xx_tim.o(i.TIM_SetCompare2)
    i.TIM_SetCompare3                        0x0800332c   Section        0  stm32f4xx_tim.o(i.TIM_SetCompare3)
    i.TIM_SetCompare4                        0x08003330   Section        0  stm32f4xx_tim.o(i.TIM_SetCompare4)
    i.TIM_SetIC1Prescaler                    0x08003334   Section        0  stm32f4xx_tim.o(i.TIM_SetIC1Prescaler)
    i.TIM_SetIC2Prescaler                    0x08003346   Section        0  stm32f4xx_tim.o(i.TIM_SetIC2Prescaler)
    i.TIM_SetIC3Prescaler                    0x08003360   Section        0  stm32f4xx_tim.o(i.TIM_SetIC3Prescaler)
    i.TIM_SetIC4Prescaler                    0x08003372   Section        0  stm32f4xx_tim.o(i.TIM_SetIC4Prescaler)
    i.TIM_TimeBaseInit                       0x0800338c   Section        0  stm32f4xx_tim.o(i.TIM_TimeBaseInit)
    i.USART1_IRQHandler                      0x08003410   Section        0  usart.o(i.USART1_IRQHandler)
    i.USART_Cmd                              0x08003498   Section        0  stm32f4xx_usart.o(i.USART_Cmd)
    i.USART_GetFlagStatus                    0x080034b0   Section        0  stm32f4xx_usart.o(i.USART_GetFlagStatus)
    i.USART_GetITStatus                      0x080034ca   Section        0  stm32f4xx_usart.o(i.USART_GetITStatus)
    i.USART_ITConfig                         0x0800351e   Section        0  stm32f4xx_usart.o(i.USART_ITConfig)
    i.USART_Init                             0x08003568   Section        0  stm32f4xx_usart.o(i.USART_Init)
    i.USART_ReceiveData                      0x0800363c   Section        0  stm32f4xx_usart.o(i.USART_ReceiveData)
    i.USART_SendData                         0x08003646   Section        0  stm32f4xx_usart.o(i.USART_SendData)
    i.UsageFault_Handler                     0x0800364e   Section        0  stm32f4xx_it.o(i.UsageFault_Handler)
    i.__ARM_fpclassify                       0x08003652   Section        0  fpclassify.o(i.__ARM_fpclassify)
    i.__hardfp_asin                          0x08003688   Section        0  asin.o(i.__hardfp_asin)
    i.__hardfp_atan                          0x080039e8   Section        0  atan.o(i.__hardfp_atan)
    i.__hardfp_atan2                         0x08003cc0   Section        0  atan2.o(i.__hardfp_atan2)
    i.__hardfp_sqrt                          0x08003eb0   Section        0  sqrt.o(i.__hardfp_sqrt)
    i.__kernel_poly                          0x08003f2a   Section        0  poly.o(i.__kernel_poly)
    i.__mathlib_dbl_infnan                   0x08004022   Section        0  dunder.o(i.__mathlib_dbl_infnan)
    i.__mathlib_dbl_infnan2                  0x08004036   Section        0  dunder.o(i.__mathlib_dbl_infnan2)
    i.__mathlib_dbl_invalid                  0x08004050   Section        0  dunder.o(i.__mathlib_dbl_invalid)
    i.__mathlib_dbl_underflow                0x08004070   Section        0  dunder.o(i.__mathlib_dbl_underflow)
    i._sys_exit                              0x08004090   Section        0  usart.o(i._sys_exit)
    i.atan                                   0x08004094   Section        0  atan.o(i.atan)
    i.delay_init                             0x080040a4   Section        0  delay.o(i.delay_init)
    i.delay_ms                               0x080040e0   Section        0  delay.o(i.delay_ms)
    i.delay_us                               0x08004118   Section        0  delay.o(i.delay_us)
    i.delay_xms                              0x08004164   Section        0  delay.o(i.delay_xms)
    i.fabs                                   0x080041b0   Section        0  fabs.o(i.fabs)
    i.get_angle                              0x080041c8   Section        0  ahrs.o(i.get_angle)
    i.invSqrt                                0x080044f4   Section        0  ahrs.o(i.invSqrt)
    i.main                                   0x08004530   Section        0  main.o(i.main)
    i.sqrt                                   0x080045c0   Section        0  sqrt.o(i.sqrt)
    i.uart_init                              0x08004630   Section        0  usart.o(i.uart_init)
    i.usart1_niming_report                   0x080046dc   Section        0  mpu6050dmp.o(i.usart1_niming_report)
    i.usart1_report_ahrs                     0x08004752   Section        0  mpu6050dmp.o(i.usart1_report_ahrs)
    i.usart1_send_char                       0x08004844   Section        0  mpu6050dmp.o(i.usart1_send_char)
    x$fpl$basic                              0x08004864   Section       24  basic.o(x$fpl$basic)
    $v0                                      0x08004864   Number         0  basic.o(x$fpl$basic)
    x$fpl$d2f                                0x0800487c   Section       98  d2f.o(x$fpl$d2f)
    $v0                                      0x0800487c   Number         0  d2f.o(x$fpl$d2f)
    x$fpl$dadd                               0x080048e0   Section      336  daddsub_clz.o(x$fpl$dadd)
    $v0                                      0x080048e0   Number         0  daddsub_clz.o(x$fpl$dadd)
    _dadd1                                   0x080048f1   Thumb Code     0  daddsub_clz.o(x$fpl$dadd)
    x$fpl$dcmpinf                            0x08004a30   Section       24  dcmpi.o(x$fpl$dcmpinf)
    $v0                                      0x08004a30   Number         0  dcmpi.o(x$fpl$dcmpinf)
    x$fpl$ddiv                               0x08004a48   Section      688  ddiv.o(x$fpl$ddiv)
    $v0                                      0x08004a48   Number         0  ddiv.o(x$fpl$ddiv)
    ddiv_entry                               0x08004a4f   Thumb Code     0  ddiv.o(x$fpl$ddiv)
    x$fpl$dflt                               0x08004cf8   Section       46  dflt_clz.o(x$fpl$dflt)
    $v0                                      0x08004cf8   Number         0  dflt_clz.o(x$fpl$dflt)
    x$fpl$dleqf                              0x08004d28   Section      120  dleqf.o(x$fpl$dleqf)
    $v0                                      0x08004d28   Number         0  dleqf.o(x$fpl$dleqf)
    x$fpl$dmul                               0x08004da0   Section      340  dmul.o(x$fpl$dmul)
    $v0                                      0x08004da0   Number         0  dmul.o(x$fpl$dmul)
    x$fpl$dnaninf                            0x08004ef4   Section      156  dnaninf.o(x$fpl$dnaninf)
    $v0                                      0x08004ef4   Number         0  dnaninf.o(x$fpl$dnaninf)
    x$fpl$dretinf                            0x08004f90   Section       12  dretinf.o(x$fpl$dretinf)
    $v0                                      0x08004f90   Number         0  dretinf.o(x$fpl$dretinf)
    x$fpl$drleqf                             0x08004f9c   Section      108  drleqf.o(x$fpl$drleqf)
    $v0                                      0x08004f9c   Number         0  drleqf.o(x$fpl$drleqf)
    x$fpl$drsb                               0x08005008   Section       22  daddsub_clz.o(x$fpl$drsb)
    $v0                                      0x08005008   Number         0  daddsub_clz.o(x$fpl$drsb)
    x$fpl$dsqrt                              0x08005020   Section      408  dsqrt_umaal.o(x$fpl$dsqrt)
    $v0                                      0x08005020   Number         0  dsqrt_umaal.o(x$fpl$dsqrt)
    x$fpl$dsub                               0x080051b8   Section      468  daddsub_clz.o(x$fpl$dsub)
    $v0                                      0x080051b8   Number         0  daddsub_clz.o(x$fpl$dsub)
    _dsub1                                   0x080051c9   Thumb Code     0  daddsub_clz.o(x$fpl$dsub)
    x$fpl$f2d                                0x0800538c   Section       86  f2d.o(x$fpl$f2d)
    $v0                                      0x0800538c   Number         0  f2d.o(x$fpl$f2d)
    x$fpl$fnaninf                            0x080053e2   Section      140  fnaninf.o(x$fpl$fnaninf)
    $v0                                      0x080053e2   Number         0  fnaninf.o(x$fpl$fnaninf)
    x$fpl$fpinit                             0x0800546e   Section       10  fpinit.o(x$fpl$fpinit)
    $v0                                      0x0800546e   Number         0  fpinit.o(x$fpl$fpinit)
    x$fpl$fretinf                            0x08005478   Section       10  fretinf.o(x$fpl$fretinf)
    $v0                                      0x08005478   Number         0  fretinf.o(x$fpl$fretinf)
    .constdata                               0x08005482   Section      256  os_core.o(.constdata)
    x$fpl$usenofp                            0x08005482   Section        0  usenofp.o(x$fpl$usenofp)
    .constdata                               0x08005588   Section       80  asin.o(.constdata)
    pS                                       0x08005588   Data          48  asin.o(.constdata)
    qS                                       0x080055b8   Data          32  asin.o(.constdata)
    .constdata                               0x080055d8   Section      152  atan.o(.constdata)
    atanhi                                   0x080055d8   Data          32  atan.o(.constdata)
    atanlo                                   0x080055f8   Data          32  atan.o(.constdata)
    aTodd                                    0x08005618   Data          40  atan.o(.constdata)
    aTeven                                   0x08005640   Data          48  atan.o(.constdata)
    .constdata                               0x08005670   Section        8  qnan.o(.constdata)
    .data                                    0x20000000   Section      124  pid2.o(.data)
    .data                                    0x2000007c   Section        8  pwm_capture.o(.data)
    .data                                    0x20000084   Section        6  usart.o(.data)
    .data                                    0x2000008c   Section       28  tim.o(.data)
    now                                      0x200000a4   Data           4  tim.o(.data)
    .data                                    0x200000a8   Section       52  mpu6050.o(.data)
    count                                    0x200000d8   Data           2  mpu6050.o(.data)
    count2                                   0x200000da   Data           2  mpu6050.o(.data)
    .data                                    0x200000dc   Section       76  ahrs.o(.data)
    quat                                     0x200000dc   Data          16  ahrs.o(.data)
    i                                        0x200000ec   Data           4  ahrs.o(.data)
    now                                      0x20000124   Data           4  ahrs.o(.data)
    .data                                    0x20000128   Section       16  stm32f4xx_rcc.o(.data)
    APBAHBPrescTable                         0x20000128   Data          16  stm32f4xx_rcc.o(.data)
    .data                                    0x20000138   Section        4  delay.o(.data)
    fac_us                                   0x20000138   Data           1  delay.o(.data)
    fac_ms                                   0x2000013a   Data           2  delay.o(.data)
    .data                                    0x2000013c   Section       76  os_core.o(.data)
    .bss                                     0x20000188   Section      200  usart.o(.bss)
    .bss                                     0x20000250   Section     7712  os_core.o(.bss)
    .bss                                     0x20002070   Section       96  libspace.o(.bss)
    HEAP                                     0x200020d0   Section      512  startup_stm32f401xx.o(HEAP)
    Heap_Mem                                 0x200020d0   Data         512  startup_stm32f401xx.o(HEAP)
    STACK                                    0x200022d0   Section     1024  startup_stm32f401xx.o(STACK)
    Stack_Mem                                0x200022d0   Data        1024  startup_stm32f401xx.o(STACK)
    __initial_sp                             0x200026d0   Data           0  startup_stm32f401xx.o(STACK)

    Global Symbols

    Symbol Name                              Value     Ov Type        Size  Object(Section)

    BuildAttributes$$THM_ISAv4$E$P$D$K$B$S$7EM$VFPi3$EXTD16$VFPS$VFMA$PE$A:L22UL41UL21$X:L11$S22US41US21$IEEE1$IW$USESV6$~STKCKD$USESV7$~SHL$OTIME$ROPI$IEEEX$EBA8$UX$STANDARDLIB$REQ8$PRES8$EABIv2 0x00000000   Number         0  anon$$obj.o ABSOLUTE
    __ARM_use_no_argv                        0x00000000   Number         0  main.o ABSOLUTE
    __ARM_exceptions_init                     - Undefined Weak Reference
    __alloca_initialize                       - Undefined Weak Reference
    __arm_preinit_                            - Undefined Weak Reference
    __cpp_initialize__aeabi_                  - Undefined Weak Reference
    __cxa_finalize                            - Undefined Weak Reference
    __rt_locale                               - Undefined Weak Reference
    __sigvec_lookup                           - Undefined Weak Reference
    _atexit_init                              - Undefined Weak Reference
    _call_atexit_fns                          - Undefined Weak Reference
    _clock_init                               - Undefined Weak Reference
    _fp_trap_init                             - Undefined Weak Reference
    _fp_trap_shutdown                         - Undefined Weak Reference
    _get_lc_collate                           - Undefined Weak Reference
    _get_lc_ctype                             - Undefined Weak Reference
    _get_lc_monetary                          - Undefined Weak Reference
    _get_lc_numeric                           - Undefined Weak Reference
    _get_lc_time                              - Undefined Weak Reference
    _getenv_init                              - Undefined Weak Reference
    _handle_redirection                       - Undefined Weak Reference
    _init_alloc                               - Undefined Weak Reference
    _init_user_alloc                          - Undefined Weak Reference
    _initio                                   - Undefined Weak Reference
    _mutex_acquire                            - Undefined Weak Reference
    _mutex_release                            - Undefined Weak Reference
    _printf_mbtowc                            - Undefined Weak Reference
    _printf_post_padding                      - Undefined Weak Reference
    _printf_pre_padding                       - Undefined Weak Reference
    _rand_init                                - Undefined Weak Reference
    _signal_finish                            - Undefined Weak Reference
    _signal_init                              - Undefined Weak Reference
    _terminate_alloc                          - Undefined Weak Reference
    _terminate_user_alloc                     - Undefined Weak Reference
    _terminateio                              - Undefined Weak Reference
    __Vectors_Size                           0x00000194   Number         0  startup_stm32f401xx.o ABSOLUTE
    __Vectors                                0x08000000   Data           4  startup_stm32f401xx.o(RESET)
    __Vectors_End                            0x08000194   Data           0  startup_stm32f401xx.o(RESET)
    __main                                   0x08000195   Thumb Code     8  __main.o(!!!main)
    __scatterload                            0x0800019d   Thumb Code     0  __scatter.o(!!!scatter)
    __scatterload_rt2                        0x0800019d   Thumb Code    44  __scatter.o(!!!scatter)
    __scatterload_rt2_thumb_only             0x0800019d   Thumb Code     0  __scatter.o(!!!scatter)
    __scatterload_null                       0x080001ab   Thumb Code     0  __scatter.o(!!!scatter)
    __decompress                             0x080001d1   Thumb Code    90  __dczerorl2.o(!!dczerorl2)
    __decompress1                            0x080001d1   Thumb Code     0  __dczerorl2.o(!!dczerorl2)
    __scatterload_zeroinit                   0x0800022d   Thumb Code    28  __scatter_zi.o(!!handler_zi)
    __rt_lib_init                            0x08000249   Thumb Code     0  libinit.o(.ARM.Collect$$libinit$$00000000)
    __rt_lib_init_fp_1                       0x0800024b   Thumb Code     0  libinit2.o(.ARM.Collect$$libinit$$00000001)
    __rt_lib_init_alloca_1                   0x0800024f   Thumb Code     0  libinit2.o(.ARM.Collect$$libinit$$0000002E)
    __rt_lib_init_argv_1                     0x0800024f   Thumb Code     0  libinit2.o(.ARM.Collect$$libinit$$0000002C)
    __rt_lib_init_atexit_1                   0x0800024f   Thumb Code     0  libinit2.o(.ARM.Collect$$libinit$$0000001B)
    __rt_lib_init_clock_1                    0x0800024f   Thumb Code     0  libinit2.o(.ARM.Collect$$libinit$$00000021)
    __rt_lib_init_cpp_1                      0x0800024f   Thumb Code     0  libinit2.o(.ARM.Collect$$libinit$$00000032)
    __rt_lib_init_exceptions_1               0x0800024f   Thumb Code     0  libinit2.o(.ARM.Collect$$libinit$$00000030)
    __rt_lib_init_fp_trap_1                  0x0800024f   Thumb Code     0  libinit2.o(.ARM.Collect$$libinit$$0000001F)
    __rt_lib_init_getenv_1                   0x0800024f   Thumb Code     0  libinit2.o(.ARM.Collect$$libinit$$00000023)
    __rt_lib_init_heap_1                     0x0800024f   Thumb Code     0  libinit2.o(.ARM.Collect$$libinit$$0000000A)
    __rt_lib_init_lc_collate_1               0x0800024f   Thumb Code     0  libinit2.o(.ARM.Collect$$libinit$$00000011)
    __rt_lib_init_lc_ctype_1                 0x0800024f   Thumb Code     0  libinit2.o(.ARM.Collect$$libinit$$00000013)
    __rt_lib_init_lc_monetary_1              0x0800024f   Thumb Code     0  libinit2.o(.ARM.Collect$$libinit$$00000015)
    __rt_lib_init_lc_numeric_1               0x0800024f   Thumb Code     0  libinit2.o(.ARM.Collect$$libinit$$00000017)
    __rt_lib_init_lc_time_1                  0x0800024f   Thumb Code     0  libinit2.o(.ARM.Collect$$libinit$$00000019)
    __rt_lib_init_preinit_1                  0x0800024f   Thumb Code     0  libinit2.o(.ARM.Collect$$libinit$$00000004)
    __rt_lib_init_rand_1                     0x0800024f   Thumb Code     0  libinit2.o(.ARM.Collect$$libinit$$0000000E)
    __rt_lib_init_return                     0x0800024f   Thumb Code     0  libinit2.o(.ARM.Collect$$libinit$$00000033)
    __rt_lib_init_signal_1                   0x0800024f   Thumb Code     0  libinit2.o(.ARM.Collect$$libinit$$0000001D)
    __rt_lib_init_stdio_1                    0x0800024f   Thumb Code     0  libinit2.o(.ARM.Collect$$libinit$$00000025)
    __rt_lib_init_user_alloc_1               0x0800024f   Thumb Code     0  libinit2.o(.ARM.Collect$$libinit$$0000000C)
    __rt_lib_shutdown                        0x08000251   Thumb Code     0  libshutdown.o(.ARM.Collect$$libshutdown$$00000000)
    __rt_lib_shutdown_cpp_1                  0x08000253   Thumb Code     0  libshutdown2.o(.ARM.Collect$$libshutdown$$00000002)
    __rt_lib_shutdown_fp_trap_1              0x08000253   Thumb Code     0  libshutdown2.o(.ARM.Collect$$libshutdown$$00000007)
    __rt_lib_shutdown_heap_1                 0x08000253   Thumb Code     0  libshutdown2.o(.ARM.Collect$$libshutdown$$0000000F)
    __rt_lib_shutdown_return                 0x08000253   Thumb Code     0  libshutdown2.o(.ARM.Collect$$libshutdown$$00000010)
    __rt_lib_shutdown_signal_1               0x08000253   Thumb Code     0  libshutdown2.o(.ARM.Collect$$libshutdown$$0000000A)
    __rt_lib_shutdown_stdio_1                0x08000253   Thumb Code     0  libshutdown2.o(.ARM.Collect$$libshutdown$$00000004)
    __rt_lib_shutdown_user_alloc_1           0x08000253   Thumb Code     0  libshutdown2.o(.ARM.Collect$$libshutdown$$0000000C)
    __rt_entry                               0x08000255   Thumb Code     0  __rtentry.o(.ARM.Collect$$rtentry$$00000000)
    __rt_entry_presh_1                       0x08000255   Thumb Code     0  __rtentry2.o(.ARM.Collect$$rtentry$$00000002)
    __rt_entry_sh                            0x08000255   Thumb Code     0  __rtentry4.o(.ARM.Collect$$rtentry$$00000004)
    __rt_entry_li                            0x0800025b   Thumb Code     0  __rtentry2.o(.ARM.Collect$$rtentry$$0000000A)
    __rt_entry_postsh_1                      0x0800025b   Thumb Code     0  __rtentry2.o(.ARM.Collect$$rtentry$$00000009)
    __rt_entry_main                          0x0800025f   Thumb Code     0  __rtentry2.o(.ARM.Collect$$rtentry$$0000000D)
    __rt_entry_postli_1                      0x0800025f   Thumb Code     0  __rtentry2.o(.ARM.Collect$$rtentry$$0000000C)
    __rt_exit                                0x08000267   Thumb Code     0  rtexit.o(.ARM.Collect$$rtexit$$00000000)
    __rt_exit_ls                             0x08000269   Thumb Code     0  rtexit2.o(.ARM.Collect$$rtexit$$00000003)
    __rt_exit_prels_1                        0x08000269   Thumb Code     0  rtexit2.o(.ARM.Collect$$rtexit$$00000002)
    __rt_exit_exit                           0x0800026d   Thumb Code     0  rtexit2.o(.ARM.Collect$$rtexit$$00000004)
    Reset_Handler                            0x08000275   Thumb Code     8  startup_stm32f401xx.o(.text)
    ADC_IRQHandler                           0x0800028f   Thumb Code     0  startup_stm32f401xx.o(.text)
    DMA1_Stream0_IRQHandler                  0x0800028f   Thumb Code     0  startup_stm32f401xx.o(.text)
    DMA1_Stream1_IRQHandler                  0x0800028f   Thumb Code     0  startup_stm32f401xx.o(.text)
    DMA1_Stream2_IRQHandler                  0x0800028f   Thumb Code     0  startup_stm32f401xx.o(.text)
    DMA1_Stream3_IRQHandler                  0x0800028f   Thumb Code     0  startup_stm32f401xx.o(.text)
    DMA1_Stream4_IRQHandler                  0x0800028f   Thumb Code     0  startup_stm32f401xx.o(.text)
    DMA1_Stream5_IRQHandler                  0x0800028f   Thumb Code     0  startup_stm32f401xx.o(.text)
    DMA1_Stream6_IRQHandler                  0x0800028f   Thumb Code     0  startup_stm32f401xx.o(.text)
    DMA1_Stream7_IRQHandler                  0x0800028f   Thumb Code     0  startup_stm32f401xx.o(.text)
    DMA2_Stream0_IRQHandler                  0x0800028f   Thumb Code     0  startup_stm32f401xx.o(.text)
    DMA2_Stream1_IRQHandler                  0x0800028f   Thumb Code     0  startup_stm32f401xx.o(.text)
    DMA2_Stream2_IRQHandler                  0x0800028f   Thumb Code     0  startup_stm32f401xx.o(.text)
    DMA2_Stream3_IRQHandler                  0x0800028f   Thumb Code     0  startup_stm32f401xx.o(.text)
    DMA2_Stream4_IRQHandler                  0x0800028f   Thumb Code     0  startup_stm32f401xx.o(.text)
    DMA2_Stream5_IRQHandler                  0x0800028f   Thumb Code     0  startup_stm32f401xx.o(.text)
    DMA2_Stream6_IRQHandler                  0x0800028f   Thumb Code     0  startup_stm32f401xx.o(.text)
    DMA2_Stream7_IRQHandler                  0x0800028f   Thumb Code     0  startup_stm32f401xx.o(.text)
    EXTI0_IRQHandler                         0x0800028f   Thumb Code     0  startup_stm32f401xx.o(.text)
    EXTI15_10_IRQHandler                     0x0800028f   Thumb Code     0  startup_stm32f401xx.o(.text)
    EXTI1_IRQHandler                         0x0800028f   Thumb Code     0  startup_stm32f401xx.o(.text)
    EXTI2_IRQHandler                         0x0800028f   Thumb Code     0  startup_stm32f401xx.o(.text)
    EXTI3_IRQHandler                         0x0800028f   Thumb Code     0  startup_stm32f401xx.o(.text)
    EXTI4_IRQHandler                         0x0800028f   Thumb Code     0  startup_stm32f401xx.o(.text)
    EXTI9_5_IRQHandler                       0x0800028f   Thumb Code     0  startup_stm32f401xx.o(.text)
    FLASH_IRQHandler                         0x0800028f   Thumb Code     0  startup_stm32f401xx.o(.text)
    FPU_IRQHandler                           0x0800028f   Thumb Code     0  startup_stm32f401xx.o(.text)
    I2C1_ER_IRQHandler                       0x0800028f   Thumb Code     0  startup_stm32f401xx.o(.text)
    I2C1_EV_IRQHandler                       0x0800028f   Thumb Code     0  startup_stm32f401xx.o(.text)
    I2C2_ER_IRQHandler                       0x0800028f   Thumb Code     0  startup_stm32f401xx.o(.text)
    I2C2_EV_IRQHandler                       0x0800028f   Thumb Code     0  startup_stm32f401xx.o(.text)
    I2C3_ER_IRQHandler                       0x0800028f   Thumb Code     0  startup_stm32f401xx.o(.text)
    I2C3_EV_IRQHandler                       0x0800028f   Thumb Code     0  startup_stm32f401xx.o(.text)
    OTG_FS_IRQHandler                        0x0800028f   Thumb Code     0  startup_stm32f401xx.o(.text)
    OTG_FS_WKUP_IRQHandler                   0x0800028f   Thumb Code     0  startup_stm32f401xx.o(.text)
    PVD_IRQHandler                           0x0800028f   Thumb Code     0  startup_stm32f401xx.o(.text)
    RCC_IRQHandler                           0x0800028f   Thumb Code     0  startup_stm32f401xx.o(.text)
    RTC_Alarm_IRQHandler                     0x0800028f   Thumb Code     0  startup_stm32f401xx.o(.text)
    RTC_WKUP_IRQHandler                      0x0800028f   Thumb Code     0  startup_stm32f401xx.o(.text)
    SDIO_IRQHandler                          0x0800028f   Thumb Code     0  startup_stm32f401xx.o(.text)
    SPI1_IRQHandler                          0x0800028f   Thumb Code     0  startup_stm32f401xx.o(.text)
    SPI2_IRQHandler                          0x0800028f   Thumb Code     0  startup_stm32f401xx.o(.text)
    SPI3_IRQHandler                          0x0800028f   Thumb Code     0  startup_stm32f401xx.o(.text)
    SPI4_IRQHandler                          0x0800028f   Thumb Code     0  startup_stm32f401xx.o(.text)
    TAMP_STAMP_IRQHandler                    0x0800028f   Thumb Code     0  startup_stm32f401xx.o(.text)
    TIM1_BRK_TIM9_IRQHandler                 0x0800028f   Thumb Code     0  startup_stm32f401xx.o(.text)
    TIM1_TRG_COM_TIM11_IRQHandler            0x0800028f   Thumb Code     0  startup_stm32f401xx.o(.text)
    TIM1_UP_TIM10_IRQHandler                 0x0800028f   Thumb Code     0  startup_stm32f401xx.o(.text)
    TIM2_IRQHandler                          0x0800028f   Thumb Code     0  startup_stm32f401xx.o(.text)
    TIM3_IRQHandler                          0x0800028f   Thumb Code     0  startup_stm32f401xx.o(.text)
    TIM4_IRQHandler                          0x0800028f   Thumb Code     0  startup_stm32f401xx.o(.text)
    TIM5_IRQHandler                          0x0800028f   Thumb Code     0  startup_stm32f401xx.o(.text)
    USART2_IRQHandler                        0x0800028f   Thumb Code     0  startup_stm32f401xx.o(.text)
    USART6_IRQHandler                        0x0800028f   Thumb Code     0  startup_stm32f401xx.o(.text)
    WWDG_IRQHandler                          0x0800028f   Thumb Code     0  startup_stm32f401xx.o(.text)
    __user_initial_stackheap                 0x08000291   Thumb Code     0  startup_stm32f401xx.o(.text)
    __use_no_semihosting                     0x080002b5   Thumb Code     2  use_no_semi_2.o(.text)
    __use_two_region_memory                  0x080002b7   Thumb Code     2  heapauxi.o(.text)
    __rt_heap_escrow$2region                 0x080002b9   Thumb Code     2  heapauxi.o(.text)
    __rt_heap_expand$2region                 0x080002bb   Thumb Code     2  heapauxi.o(.text)
    __I$use$semihosting                      0x080002bd   Thumb Code     0  use_no_semi.o(.text)
    __use_no_semihosting_swi                 0x080002bd   Thumb Code     2  use_no_semi.o(.text)
    __read_errno                             0x080002bf   Thumb Code    10  _rserrno.o(.text)
    __set_errno                              0x080002c9   Thumb Code    12  _rserrno.o(.text)
    __aeabi_errno_addr                       0x080002d5   Thumb Code     8  rt_errno_addr_intlibspace.o(.text)
    __errno$intlibspace                      0x080002d5   Thumb Code     0  rt_errno_addr_intlibspace.o(.text)
    __rt_errno_addr$intlibspace              0x080002d5   Thumb Code     0  rt_errno_addr_intlibspace.o(.text)
    __user_libspace                          0x080002dd   Thumb Code     8  libspace.o(.text)
    __user_perproc_libspace                  0x080002dd   Thumb Code     0  libspace.o(.text)
    __user_perthread_libspace                0x080002dd   Thumb Code     0  libspace.o(.text)
    __user_setup_stackheap                   0x080002e5   Thumb Code    74  sys_stackheap_outer.o(.text)
    exit                                     0x0800032f   Thumb Code    18  exit.o(.text)
    OS_CPU_SR_Save                           0x08000341   Thumb Code     0  os_cpu_a.o(My_Text)
    OS_CPU_SR_Restore                        0x08000349   Thumb Code     0  os_cpu_a.o(My_Text)
    OSStartHighRdy                           0x0800034f   Thumb Code     0  os_cpu_a.o(My_Text)
    OSCtxSw                                  0x08000373   Thumb Code     0  os_cpu_a.o(My_Text)
    OSIntCtxSw                               0x08000381   Thumb Code     0  os_cpu_a.o(My_Text)
    PendSV_Handler                           0x08000391   Thumb Code     0  os_cpu_a.o(My_Text)
    AHRS_Time_Init                           0x08000409   Thumb Code    56  ahrs.o(i.AHRS_Time_Init)
    BusFault_Handler                         0x08000445   Thumb Code     4  stm32f4xx_it.o(i.BusFault_Handler)
    CalcuEulerAngle2                         0x08000449   Thumb Code   810  ahrs.o(i.CalcuEulerAngle2)
    DebugMon_Handler                         0x080007c9   Thumb Code     2  stm32f4xx_it.o(i.DebugMon_Handler)
    GPIO_Init                                0x080007cb   Thumb Code   144  stm32f4xx_gpio.o(i.GPIO_Init)
    GPIO_PinAFConfig                         0x0800085b   Thumb Code    70  stm32f4xx_gpio.o(i.GPIO_PinAFConfig)
    GPIO_SetBits                             0x080008a1   Thumb Code     4  stm32f4xx_gpio.o(i.GPIO_SetBits)
    Get_AHRS_Time                            0x080008a5   Thumb Code    46  ahrs.o(i.Get_AHRS_Time)
    Get_Accel_Bias                           0x080008e5   Thumb Code   268  mpu6050.o(i.Get_Accel_Bias)
    Get_Current_Angle                        0x08000a05   Thumb Code   302  mpu6050.o(i.Get_Current_Angle)
    Get_Gyro_Bias                            0x08000b4d   Thumb Code   222  mpu6050.o(i.Get_Gyro_Bias)
    Get_PID_Time                             0x08000c3d   Thumb Code    46  tim.o(i.Get_PID_Time)
    HMC5883L_Init                            0x08000c7d   Thumb Code    82  mpu6050.o(i.HMC5883L_Init)
    HardFault_Handler                        0x08000ccf   Thumb Code     4  stm32f4xx_it.o(i.HardFault_Handler)
    IIC_Ack                                  0x08000cd5   Thumb Code    66  myiic.o(i.IIC_Ack)
    IIC_Init                                 0x08000d25   Thumb Code    72  myiic.o(i.IIC_Init)
    IIC_NAck                                 0x08000d79   Thumb Code    66  myiic.o(i.IIC_NAck)
    IIC_Read_Byte                            0x08000dc9   Thumb Code    94  myiic.o(i.IIC_Read_Byte)
    IIC_Send_Byte                            0x08000e35   Thumb Code    90  myiic.o(i.IIC_Send_Byte)
    IIC_Start                                0x08000e9d   Thumb Code    64  myiic.o(i.IIC_Start)
    IIC_Stop                                 0x08000ee9   Thumb Code    62  myiic.o(i.IIC_Stop)
    IIC_Wait_Ack                             0x08000f35   Thumb Code    82  myiic.o(i.IIC_Wait_Ack)
    Limit_PWM                                0x08000f95   Thumb Code    52  pid2.o(i.Limit_PWM)
    MPU_Get_Accelerometer                    0x08000fd1   Thumb Code    80  mpu6050.o(i.MPU_Get_Accelerometer)
    MPU_Get_Gyroscope                        0x08001021   Thumb Code    80  mpu6050.o(i.MPU_Get_Gyroscope)
    MPU_Init                                 0x08001071   Thumb Code   130  mpu6050.o(i.MPU_Init)
    MPU_Read_Byte                            0x080010f3   Thumb Code    58  mpu6050.o(i.MPU_Read_Byte)
    MPU_Read_Len                             0x0800112d   Thumb Code   116  mpu6050.o(i.MPU_Read_Len)
    MPU_Set_Accel_Fsr                        0x080011a1   Thumb Code    16  mpu6050.o(i.MPU_Set_Accel_Fsr)
    MPU_Set_Gyro_Fsr                         0x080011b1   Thumb Code    16  mpu6050.o(i.MPU_Set_Gyro_Fsr)
    MPU_Set_LPF                              0x080011c1   Thumb Code    58  mpu6050.o(i.MPU_Set_LPF)
    MPU_Set_Rate                             0x080011fb   Thumb Code    58  mpu6050.o(i.MPU_Set_Rate)
    MPU_Write_Byte                           0x08001235   Thumb Code    68  mpu6050.o(i.MPU_Write_Byte)
    MY_TIM3_GPIO_Init                        0x08001279   Thumb Code    84  tim.o(i.MY_TIM3_GPIO_Init)
    MY_TIM3_Init                             0x080012d1   Thumb Code    40  tim.o(i.MY_TIM3_Init)
    MY_TIM3_PWM_Init                         0x080012fd   Thumb Code   122  tim.o(i.MY_TIM3_PWM_Init)
    MahonyAHRSupdate                         0x0800137d   Thumb Code  1596  ahrs.o(i.MahonyAHRSupdate)
    MahonyAHRSupdateIMU                      0x080019d9   Thumb Code   812  ahrs.o(i.MahonyAHRSupdateIMU)
    MemManage_Handler                        0x08001d2d   Thumb Code     4  stm32f4xx_it.o(i.MemManage_Handler)
    Motor_Calculate                          0x08001d31   Thumb Code   320  pid2.o(i.Motor_Calculate)
    Motor_Expectation_Calculate              0x08001ea9   Thumb Code   194  pid2.o(i.Motor_Expectation_Calculate)
    NMI_Handler                              0x08001f89   Thumb Code     2  stm32f4xx_it.o(i.NMI_Handler)
    NVIC_Init                                0x08001f8d   Thumb Code   106  misc.o(i.NVIC_Init)
    NVIC_PriorityGroupConfig                 0x08002005   Thumb Code    10  misc.o(i.NVIC_PriorityGroupConfig)
    OSIntEnter                               0x08002019   Thumb Code    28  os_core.o(i.OSIntEnter)
    OSIntExit                                0x0800203d   Thumb Code   112  os_core.o(i.OSIntExit)
    OSTaskSwHook                             0x080020cd   Thumb Code     2  os_cpu_c.o(i.OSTaskSwHook)
    OSTimeTick                               0x080020d1   Thumb Code   210  os_core.o(i.OSTimeTick)
    OSTimeTickHook                           0x080021bd   Thumb Code     2  os_cpu_c.o(i.OSTimeTickHook)
    PID_Pitch_Calculate                      0x080021ed   Thumb Code   238  pid2.o(i.PID_Pitch_Calculate)
    PID_Roll_Calculate                       0x08002319   Thumb Code   238  pid2.o(i.PID_Roll_Calculate)
    PID_Time_Init                            0x08002445   Thumb Code    56  tim.o(i.PID_Time_Init)
    PID_Yaw_Calculate                        0x08002481   Thumb Code   222  pid2.o(i.PID_Yaw_Calculate)
    PWM_Output                               0x08002595   Thumb Code    48  motor.o(i.PWM_Output)
    RCC_AHB1PeriphClockCmd                   0x080025c9   Thumb Code    26  stm32f4xx_rcc.o(i.RCC_AHB1PeriphClockCmd)
    RCC_APB1PeriphClockCmd                   0x080025e9   Thumb Code    26  stm32f4xx_rcc.o(i.RCC_APB1PeriphClockCmd)
    RCC_APB1PeriphResetCmd                   0x08002609   Thumb Code    26  stm32f4xx_rcc.o(i.RCC_APB1PeriphResetCmd)
    RCC_APB2PeriphClockCmd                   0x08002629   Thumb Code    26  stm32f4xx_rcc.o(i.RCC_APB2PeriphClockCmd)
    RCC_APB2PeriphResetCmd                   0x08002649   Thumb Code    26  stm32f4xx_rcc.o(i.RCC_APB2PeriphResetCmd)
    RCC_GetClocksFreq                        0x08002669   Thumb Code   214  stm32f4xx_rcc.o(i.RCC_GetClocksFreq)
    SVC_Handler                              0x08002751   Thumb Code     2  stm32f4xx_it.o(i.SVC_Handler)
    SysTick_CLKSourceConfig                  0x0800283d   Thumb Code    40  misc.o(i.SysTick_CLKSourceConfig)
    SysTick_Handler                          0x08002865   Thumb Code    24  os_cpu_c.o(i.SysTick_Handler)
    SystemInit                               0x08002881   Thumb Code    88  system_stm32f4xx.o(i.SystemInit)
    TIM1_CC_IRQHandler                       0x08002a0d   Thumb Code   504  tim.o(i.TIM1_CC_IRQHandler)
    TIM1_Cap_Init                            0x08002c4d   Thumb Code   372  tim.o(i.TIM1_Cap_Init)
    TIM_ClearITPendingBit                    0x08002dc9   Thumb Code     6  stm32f4xx_tim.o(i.TIM_ClearITPendingBit)
    TIM_Cmd                                  0x08002dcf   Thumb Code    24  stm32f4xx_tim.o(i.TIM_Cmd)
    TIM_DeInit                               0x08002de9   Thumb Code   346  stm32f4xx_tim.o(i.TIM_DeInit)
    TIM_GetCapture1                          0x08002f79   Thumb Code     6  stm32f4xx_tim.o(i.TIM_GetCapture1)
    TIM_GetCapture2                          0x08002f7f   Thumb Code     6  stm32f4xx_tim.o(i.TIM_GetCapture2)
    TIM_GetCapture3                          0x08002f85   Thumb Code     6  stm32f4xx_tim.o(i.TIM_GetCapture3)
    TIM_GetCapture4                          0x08002f8b   Thumb Code     6  stm32f4xx_tim.o(i.TIM_GetCapture4)
    TIM_GetITStatus                          0x08002f91   Thumb Code    34  stm32f4xx_tim.o(i.TIM_GetITStatus)
    TIM_ICInit                               0x08002fb3   Thumb Code   110  stm32f4xx_tim.o(i.TIM_ICInit)
    TIM_ITConfig                             0x08003021   Thumb Code    18  stm32f4xx_tim.o(i.TIM_ITConfig)
    TIM_OC1Init                              0x08003035   Thumb Code   114  stm32f4xx_tim.o(i.TIM_OC1Init)
    TIM_OC1PolarityConfig                    0x080030b1   Thumb Code    18  stm32f4xx_tim.o(i.TIM_OC1PolarityConfig)
    TIM_OC1PreloadConfig                     0x080030c3   Thumb Code    18  stm32f4xx_tim.o(i.TIM_OC1PreloadConfig)
    TIM_OC2Init                              0x080030d5   Thumb Code   154  stm32f4xx_tim.o(i.TIM_OC2Init)
    TIM_OC2PolarityConfig                    0x08003179   Thumb Code    26  stm32f4xx_tim.o(i.TIM_OC2PolarityConfig)
    TIM_OC2PreloadConfig                     0x08003193   Thumb Code    26  stm32f4xx_tim.o(i.TIM_OC2PreloadConfig)
    TIM_OC3Init                              0x080031ad   Thumb Code   150  stm32f4xx_tim.o(i.TIM_OC3Init)
    TIM_OC3PolarityConfig                    0x0800324d   Thumb Code    26  stm32f4xx_tim.o(i.TIM_OC3PolarityConfig)
    TIM_OC3PreloadConfig                     0x08003267   Thumb Code    18  stm32f4xx_tim.o(i.TIM_OC3PreloadConfig)
    TIM_OC4Init                              0x08003279   Thumb Code   112  stm32f4xx_tim.o(i.TIM_OC4Init)
    TIM_OC4PolarityConfig                    0x080032f1   Thumb Code    26  stm32f4xx_tim.o(i.TIM_OC4PolarityConfig)
    TIM_OC4PreloadConfig                     0x0800330b   Thumb Code    26  stm32f4xx_tim.o(i.TIM_OC4PreloadConfig)
    TIM_SetCompare1                          0x08003325   Thumb Code     4  stm32f4xx_tim.o(i.TIM_SetCompare1)
    TIM_SetCompare2                          0x08003329   Thumb Code     4  stm32f4xx_tim.o(i.TIM_SetCompare2)
    TIM_SetCompare3                          0x0800332d   Thumb Code     4  stm32f4xx_tim.o(i.TIM_SetCompare3)
    TIM_SetCompare4                          0x08003331   Thumb Code     4  stm32f4xx_tim.o(i.TIM_SetCompare4)
    TIM_SetIC1Prescaler                      0x08003335   Thumb Code    18  stm32f4xx_tim.o(i.TIM_SetIC1Prescaler)
    TIM_SetIC2Prescaler                      0x08003347   Thumb Code    26  stm32f4xx_tim.o(i.TIM_SetIC2Prescaler)
    TIM_SetIC3Prescaler                      0x08003361   Thumb Code    18  stm32f4xx_tim.o(i.TIM_SetIC3Prescaler)
    TIM_SetIC4Prescaler                      0x08003373   Thumb Code    26  stm32f4xx_tim.o(i.TIM_SetIC4Prescaler)
    TIM_TimeBaseInit                         0x0800338d   Thumb Code   104  stm32f4xx_tim.o(i.TIM_TimeBaseInit)
    USART1_IRQHandler                        0x08003411   Thumb Code   122  usart.o(i.USART1_IRQHandler)
    USART_Cmd                                0x08003499   Thumb Code    24  stm32f4xx_usart.o(i.USART_Cmd)
    USART_GetFlagStatus                      0x080034b1   Thumb Code    26  stm32f4xx_usart.o(i.USART_GetFlagStatus)
    USART_GetITStatus                        0x080034cb   Thumb Code    84  stm32f4xx_usart.o(i.USART_GetITStatus)
    USART_ITConfig                           0x0800351f   Thumb Code    74  stm32f4xx_usart.o(i.USART_ITConfig)
    USART_Init                               0x08003569   Thumb Code   204  stm32f4xx_usart.o(i.USART_Init)
    USART_ReceiveData                        0x0800363d   Thumb Code    10  stm32f4xx_usart.o(i.USART_ReceiveData)
    USART_SendData                           0x08003647   Thumb Code     8  stm32f4xx_usart.o(i.USART_SendData)
    UsageFault_Handler                       0x0800364f   Thumb Code     4  stm32f4xx_it.o(i.UsageFault_Handler)
    __ARM_fpclassify                         0x08003653   Thumb Code    48  fpclassify.o(i.__ARM_fpclassify)
    __hardfp_asin                            0x08003689   Thumb Code   770  asin.o(i.__hardfp_asin)
    __hardfp_atan                            0x080039e9   Thumb Code   622  atan.o(i.__hardfp_atan)
    __hardfp_atan2                           0x08003cc1   Thumb Code   432  atan2.o(i.__hardfp_atan2)
    __hardfp_sqrt                            0x08003eb1   Thumb Code   122  sqrt.o(i.__hardfp_sqrt)
    __kernel_poly                            0x08003f2b   Thumb Code   248  poly.o(i.__kernel_poly)
    __mathlib_dbl_infnan                     0x08004023   Thumb Code    20  dunder.o(i.__mathlib_dbl_infnan)
    __mathlib_dbl_infnan2                    0x08004037   Thumb Code    20  dunder.o(i.__mathlib_dbl_infnan2)
    __mathlib_dbl_invalid                    0x08004051   Thumb Code    24  dunder.o(i.__mathlib_dbl_invalid)
    __mathlib_dbl_underflow                  0x08004071   Thumb Code    24  dunder.o(i.__mathlib_dbl_underflow)
    _sys_exit                                0x08004091   Thumb Code     4  usart.o(i._sys_exit)
    atan                                     0x08004095   Thumb Code    16  atan.o(i.atan)
    delay_init                               0x080040a5   Thumb Code    52  delay.o(i.delay_init)
    delay_ms                                 0x080040e1   Thumb Code    56  delay.o(i.delay_ms)
    delay_us                                 0x08004119   Thumb Code    72  delay.o(i.delay_us)
    delay_xms                                0x08004165   Thumb Code    72  delay.o(i.delay_xms)
    fabs                                     0x080041b1   Thumb Code    24  fabs.o(i.fabs)
    get_angle                                0x080041c9   Thumb Code   734  ahrs.o(i.get_angle)
    invSqrt                                  0x080044f5   Thumb Code    56  ahrs.o(i.invSqrt)
    main                                     0x08004531   Thumb Code   110  main.o(i.main)
    sqrt                                     0x080045c1   Thumb Code   110  sqrt.o(i.sqrt)
    uart_init                                0x08004631   Thumb Code   162  usart.o(i.uart_init)
    usart1_niming_report                     0x080046dd   Thumb Code   118  mpu6050dmp.o(i.usart1_niming_report)
    usart1_report_ahrs                       0x08004753   Thumb Code   240  mpu6050dmp.o(i.usart1_report_ahrs)
    usart1_send_char                         0x08004845   Thumb Code    28  mpu6050dmp.o(i.usart1_send_char)
    __aeabi_dneg                             0x08004865   Thumb Code     0  basic.o(x$fpl$basic)
    _dneg                                    0x08004865   Thumb Code     6  basic.o(x$fpl$basic)
    __aeabi_fneg                             0x0800486b   Thumb Code     0  basic.o(x$fpl$basic)
    _fneg                                    0x0800486b   Thumb Code     6  basic.o(x$fpl$basic)
    _dabs                                    0x08004871   Thumb Code     6  basic.o(x$fpl$basic)
    _fabs                                    0x08004877   Thumb Code     6  basic.o(x$fpl$basic)
    __aeabi_d2f                              0x0800487d   Thumb Code     0  d2f.o(x$fpl$d2f)
    _d2f                                     0x0800487d   Thumb Code    98  d2f.o(x$fpl$d2f)
    __aeabi_dadd                             0x080048e1   Thumb Code     0  daddsub_clz.o(x$fpl$dadd)
    _dadd                                    0x080048e1   Thumb Code   332  daddsub_clz.o(x$fpl$dadd)
    __fpl_dcmp_Inf                           0x08004a31   Thumb Code    24  dcmpi.o(x$fpl$dcmpinf)
    __aeabi_ddiv                             0x08004a49   Thumb Code     0  ddiv.o(x$fpl$ddiv)
    _ddiv                                    0x08004a49   Thumb Code   552  ddiv.o(x$fpl$ddiv)
    __aeabi_i2d                              0x08004cf9   Thumb Code     0  dflt_clz.o(x$fpl$dflt)
    _dflt                                    0x08004cf9   Thumb Code    46  dflt_clz.o(x$fpl$dflt)
    __aeabi_cdcmple                          0x08004d29   Thumb Code     0  dleqf.o(x$fpl$dleqf)
    _dcmple                                  0x08004d29   Thumb Code   120  dleqf.o(x$fpl$dleqf)
    __fpl_dcmple_InfNaN                      0x08004d8b   Thumb Code     0  dleqf.o(x$fpl$dleqf)
    __aeabi_dmul                             0x08004da1   Thumb Code     0  dmul.o(x$fpl$dmul)
    _dmul                                    0x08004da1   Thumb Code   332  dmul.o(x$fpl$dmul)
    __fpl_dnaninf                            0x08004ef5   Thumb Code   156  dnaninf.o(x$fpl$dnaninf)
    __fpl_dretinf                            0x08004f91   Thumb Code    12  dretinf.o(x$fpl$dretinf)
    __aeabi_cdrcmple                         0x08004f9d   Thumb Code     0  drleqf.o(x$fpl$drleqf)
    _drcmple                                 0x08004f9d   Thumb Code   108  drleqf.o(x$fpl$drleqf)
    __aeabi_drsub                            0x08005009   Thumb Code     0  daddsub_clz.o(x$fpl$drsb)
    _drsb                                    0x08005009   Thumb Code    22  daddsub_clz.o(x$fpl$drsb)
    _dsqrt                                   0x08005021   Thumb Code   404  dsqrt_umaal.o(x$fpl$dsqrt)
    __aeabi_dsub                             0x080051b9   Thumb Code     0  daddsub_clz.o(x$fpl$dsub)
    _dsub                                    0x080051b9   Thumb Code   464  daddsub_clz.o(x$fpl$dsub)
    __aeabi_f2d                              0x0800538d   Thumb Code     0  f2d.o(x$fpl$f2d)
    _f2d                                     0x0800538d   Thumb Code    86  f2d.o(x$fpl$f2d)
    __fpl_fnaninf                            0x080053e3   Thumb Code   140  fnaninf.o(x$fpl$fnaninf)
    _fp_init                                 0x0800546f   Thumb Code    10  fpinit.o(x$fpl$fpinit)
    __fplib_config_fpu_vfp                   0x08005477   Thumb Code     0  fpinit.o(x$fpl$fpinit)
    __fplib_config_pureend_doubles           0x08005477   Thumb Code     0  fpinit.o(x$fpl$fpinit)
    __fpl_fretinf                            0x08005479   Thumb Code    10  fretinf.o(x$fpl$fretinf)
    OSUnMapTbl                               0x08005482   Data         256  os_core.o(.constdata)
    __I$use$fp                               0x08005482   Number         0  usenofp.o(x$fpl$usenofp)
    __mathlib_zero                           0x08005670   Data           8  qnan.o(.constdata)
    Region$$Table$$Base                      0x08005678   Number         0  anon$$obj.o(Region$$Table)
    Region$$Table$$Limit                     0x08005698   Number         0  anon$$obj.o(Region$$Table)
    Time_dt                                  0x20000000   Data           4  pid2.o(.data)
    PID_Roll                                 0x20000004   Data           4  pid2.o(.data)
    PID_Pitch                                0x20000008   Data           4  pid2.o(.data)
    PID_Yaw                                  0x2000000c   Data           4  pid2.o(.data)
    Motor_1                                  0x20000010   Data           2  pid2.o(.data)
    Motor_2                                  0x20000012   Data           2  pid2.o(.data)
    Motor_3                                  0x20000014   Data           2  pid2.o(.data)
    Motor_4                                  0x20000016   Data           2  pid2.o(.data)
    Motor_Roll                               0x20000018   Data           4  pid2.o(.data)
    Motor_Pitch                              0x2000001c   Data           4  pid2.o(.data)
    Motor_Thr                                0x20000020   Data           4  pid2.o(.data)
    Motor_Yaw                                0x20000024   Data           4  pid2.o(.data)
    Roll_Mid                                 0x20000028   Data           4  pid2.o(.data)
    Pitch_Mid                                0x2000002c   Data           4  pid2.o(.data)
    Yaw_Mid                                  0x20000030   Data           4  pid2.o(.data)
    Roll_Kp                                  0x20000034   Data           4  pid2.o(.data)
    Roll_Rate_Kp                             0x20000038   Data           4  pid2.o(.data)
    Roll_Rate_Ti                             0x2000003c   Data           4  pid2.o(.data)
    Roll_Rate_Td                             0x20000040   Data           4  pid2.o(.data)
    Pitch_Kp                                 0x20000044   Data           4  pid2.o(.data)
    Pitch_Rate_Kp                            0x20000048   Data           4  pid2.o(.data)
    Pitch_Rate_Ti                            0x2000004c   Data           4  pid2.o(.data)
    Pitch_Rate_Td                            0x20000050   Data           4  pid2.o(.data)
    Yaw_Kp                                   0x20000054   Data           4  pid2.o(.data)
    Yaw_Rate_Kp                              0x20000058   Data           4  pid2.o(.data)
    Yaw_Rate_Ti                              0x2000005c   Data           4  pid2.o(.data)
    Yaw_Rate_Td                              0x20000060   Data           4  pid2.o(.data)
    Roll_Err_Sum                             0x20000064   Data           4  pid2.o(.data)
    Pitch_Err_Sum                            0x20000068   Data           4  pid2.o(.data)
    Yaw_Err_Sum                              0x2000006c   Data           4  pid2.o(.data)
    Roll_Err_Last                            0x20000070   Data           4  pid2.o(.data)
    Pitch_Err_Last                           0x20000074   Data           4  pid2.o(.data)
    Yaw_Err_Last                             0x20000078   Data           4  pid2.o(.data)
    PWMInCh1                                 0x2000007c   Data           2  pwm_capture.o(.data)
    PWMInCh2                                 0x2000007e   Data           2  pwm_capture.o(.data)
    PWMInCh3                                 0x20000080   Data           2  pwm_capture.o(.data)
    PWMInCh4                                 0x20000082   Data           2  pwm_capture.o(.data)
    __stdout                                 0x20000084   Data           4  usart.o(.data)
    USART_RX_STA                             0x20000088   Data           2  usart.o(.data)
    TIM2CH1_CAPTURE_STA                      0x2000008c   Data           1  tim.o(.data)
    TIM1CH1_CAPTURE_STA                      0x2000008d   Data           1  tim.o(.data)
    TIM1CH2_CAPTURE_STA                      0x2000008e   Data           1  tim.o(.data)
    TIM1CH3_CAPTURE_STA                      0x2000008f   Data           1  tim.o(.data)
    TIM1CH4_CAPTURE_STA                      0x20000090   Data           1  tim.o(.data)
    TIM1CH1_Rise                             0x20000092   Data           2  tim.o(.data)
    TIM1CH1_Fall                             0x20000094   Data           2  tim.o(.data)
    TIM1CH2_Rise                             0x20000096   Data           2  tim.o(.data)
    TIM1CH2_Fall                             0x20000098   Data           2  tim.o(.data)
    TIM1CH3_Rise                             0x2000009a   Data           2  tim.o(.data)
    TIM1CH3_Fall                             0x2000009c   Data           2  tim.o(.data)
    TIM1CH4_Rise                             0x2000009e   Data           2  tim.o(.data)
    TIM1CH4_Fall                             0x200000a0   Data           2  tim.o(.data)
    TIM1_T                                   0x200000a2   Data           2  tim.o(.data)
    x                                        0x200000a8   Data           4  mpu6050.o(.data)
    y                                        0x200000ac   Data           4  mpu6050.o(.data)
    z                                        0x200000b0   Data           4  mpu6050.o(.data)
    X                                        0x200000b4   Data           4  mpu6050.o(.data)
    Y                                        0x200000b8   Data           4  mpu6050.o(.data)
    Z                                        0x200000bc   Data           4  mpu6050.o(.data)
    Gyro_Xout_Offset                         0x200000c0   Data           4  mpu6050.o(.data)
    Gyro_Yout_Offset                         0x200000c4   Data           4  mpu6050.o(.data)
    Gyro_Zout_Offset                         0x200000c8   Data           4  mpu6050.o(.data)
    Accel_Xout_Offset                        0x200000cc   Data           4  mpu6050.o(.data)
    Accel_Yout_Offset                        0x200000d0   Data           4  mpu6050.o(.data)
    Accel_Zout_Offset                        0x200000d4   Data           4  mpu6050.o(.data)
    Angle_Pitch                              0x200000f0   Data           4  ahrs.o(.data)
    Angle_Roll                               0x200000f4   Data           4  ahrs.o(.data)
    Angle_Yaw                                0x200000f8   Data           4  ahrs.o(.data)
    GYRO_X                                   0x200000fc   Data           4  ahrs.o(.data)
    GYRO_Y                                   0x20000100   Data           4  ahrs.o(.data)
    GYRO_Z                                   0x20000104   Data           4  ahrs.o(.data)
    q0                                       0x20000108   Data           4  ahrs.o(.data)
    q1                                       0x2000010c   Data           4  ahrs.o(.data)
    q2                                       0x20000110   Data           4  ahrs.o(.data)
    q3                                       0x20000114   Data           4  ahrs.o(.data)
    integralFBx                              0x20000118   Data           4  ahrs.o(.data)
    integralFBy                              0x2000011c   Data           4  ahrs.o(.data)
    integralFBz                              0x20000120   Data           4  ahrs.o(.data)
    OSCtxSwCtr                               0x2000013c   Data           4  os_core.o(.data)
    OSEventFreeList                          0x20000140   Data           4  os_core.o(.data)
    OSFlagFreeList                           0x20000144   Data           4  os_core.o(.data)
    OSCPUUsage                               0x20000148   Data           1  os_core.o(.data)
    OSIdleCtrMax                             0x2000014c   Data           4  os_core.o(.data)
    OSIdleCtrRun                             0x20000150   Data           4  os_core.o(.data)
    OSStatRdy                                0x20000154   Data           1  os_core.o(.data)
    OSIntNesting                             0x20000155   Data           1  os_core.o(.data)
    OSLockNesting                            0x20000156   Data           1  os_core.o(.data)
    OSPrioCur                                0x20000157   Data           1  os_core.o(.data)
    OSPrioHighRdy                            0x20000158   Data           1  os_core.o(.data)
    OSRdyGrp                                 0x20000159   Data           1  os_core.o(.data)
    OSRdyTbl                                 0x2000015a   Data           8  os_core.o(.data)
    OSRunning                                0x20000162   Data           1  os_core.o(.data)
    OSTaskCtr                                0x20000163   Data           1  os_core.o(.data)
    OSIdleCtr                                0x20000164   Data           4  os_core.o(.data)
    OSTCBCur                                 0x20000168   Data           4  os_core.o(.data)
    OSTCBFreeList                            0x2000016c   Data           4  os_core.o(.data)
    OSTCBHighRdy                             0x20000170   Data           4  os_core.o(.data)
    OSTCBList                                0x20000174   Data           4  os_core.o(.data)
    OSTickStepState                          0x20000178   Data           1  os_core.o(.data)
    OSMemFreeList                            0x2000017c   Data           4  os_core.o(.data)
    OSQFreeList                              0x20000180   Data           4  os_core.o(.data)
    OSTime                                   0x20000184   Data           4  os_core.o(.data)
    USART_RX_BUF                             0x20000188   Data         200  usart.o(.bss)
    OSEventTbl                               0x20000250   Data        4200  os_core.o(.bss)
    OSFlagTbl                                0x200012b8   Data          80  os_core.o(.bss)
    OSTaskStatStk                            0x20001308   Data         512  os_core.o(.bss)
    OSTaskIdleStk                            0x20001508   Data         512  os_core.o(.bss)
    OSTCBPrioTbl                             0x20001708   Data         256  os_core.o(.bss)
    OSTCBTbl                                 0x20001808   Data        1936  os_core.o(.bss)
    OSMemTbl                                 0x20001f98   Data         120  os_core.o(.bss)
    OSQTbl                                   0x20002010   Data          96  os_core.o(.bss)
    __libspace_start                         0x20002070   Data          96  libspace.o(.bss)
    __temporary_stack_top$libspace           0x200020d0   Data           0  libspace.o(.bss)



==============================================================================

Memory Map of the image

  Image Entry point : 0x08000275

  Load Region LR_1 (Base: 0x08000000, Size: 0x00005820, Max: 0xffffffff, ABSOLUTE, COMPRESSED[0x000056e0])

    Execution Region ER_RO (Exec base: 0x08000000, Load base: 0x08000000, Size: 0x00005698, Max: 0xffffffff, ABSOLUTE)

    Exec Addr    Load Addr    Size         Type   Attr      Idx    E Section Name        Object

    0x08000000   0x08000000   0x00000194   Data   RO         6388    RESET               startup_stm32f401xx.o
    0x08000194   0x08000194   0x00000008   Code   RO         6429  * !!!main             c_w.l(__main.o)
    0x0800019c   0x0800019c   0x00000034   Code   RO         6724    !!!scatter          c_w.l(__scatter.o)
    0x080001d0   0x080001d0   0x0000005a   Code   RO         6722    !!dczerorl2         c_w.l(__dczerorl2.o)
    0x0800022a   0x0800022a   0x00000002   PAD
    0x0800022c   0x0800022c   0x0000001c   Code   RO         6726    !!handler_zi        c_w.l(__scatter_zi.o)
    0x08000248   0x08000248   0x00000002   Code   RO         6599    .ARM.Collect$$libinit$$00000000  c_w.l(libinit.o)
    0x0800024a   0x0800024a   0x00000004   Code   RO         6602    .ARM.Collect$$libinit$$00000001  c_w.l(libinit2.o)
    0x0800024e   0x0800024e   0x00000000   Code   RO         6605    .ARM.Collect$$libinit$$00000004  c_w.l(libinit2.o)
    0x0800024e   0x0800024e   0x00000000   Code   RO         6608    .ARM.Collect$$libinit$$0000000A  c_w.l(libinit2.o)
    0x0800024e   0x0800024e   0x00000000   Code   RO         6610    .ARM.Collect$$libinit$$0000000C  c_w.l(libinit2.o)
    0x0800024e   0x0800024e   0x00000000   Code   RO         6612    .ARM.Collect$$libinit$$0000000E  c_w.l(libinit2.o)
    0x0800024e   0x0800024e   0x00000000   Code   RO         6615    .ARM.Collect$$libinit$$00000011  c_w.l(libinit2.o)
    0x0800024e   0x0800024e   0x00000000   Code   RO         6617    .ARM.Collect$$libinit$$00000013  c_w.l(libinit2.o)
    0x0800024e   0x0800024e   0x00000000   Code   RO         6619    .ARM.Collect$$libinit$$00000015  c_w.l(libinit2.o)
    0x0800024e   0x0800024e   0x00000000   Code   RO         6621    .ARM.Collect$$libinit$$00000017  c_w.l(libinit2.o)
    0x0800024e   0x0800024e   0x00000000   Code   RO         6623    .ARM.Collect$$libinit$$00000019  c_w.l(libinit2.o)
    0x0800024e   0x0800024e   0x00000000   Code   RO         6625    .ARM.Collect$$libinit$$0000001B  c_w.l(libinit2.o)
    0x0800024e   0x0800024e   0x00000000   Code   RO         6627    .ARM.Collect$$libinit$$0000001D  c_w.l(libinit2.o)
    0x0800024e   0x0800024e   0x00000000   Code   RO         6629    .ARM.Collect$$libinit$$0000001F  c_w.l(libinit2.o)
    0x0800024e   0x0800024e   0x00000000   Code   RO         6631    .ARM.Collect$$libinit$$00000021  c_w.l(libinit2.o)
    0x0800024e   0x0800024e   0x00000000   Code   RO         6633    .ARM.Collect$$libinit$$00000023  c_w.l(libinit2.o)
    0x0800024e   0x0800024e   0x00000000   Code   RO         6635    .ARM.Collect$$libinit$$00000025  c_w.l(libinit2.o)
    0x0800024e   0x0800024e   0x00000000   Code   RO         6639    .ARM.Collect$$libinit$$0000002C  c_w.l(libinit2.o)
    0x0800024e   0x0800024e   0x00000000   Code   RO         6641    .ARM.Collect$$libinit$$0000002E  c_w.l(libinit2.o)
    0x0800024e   0x0800024e   0x00000000   Code   RO         6643    .ARM.Collect$$libinit$$00000030  c_w.l(libinit2.o)
    0x0800024e   0x0800024e   0x00000000   Code   RO         6645    .ARM.Collect$$libinit$$00000032  c_w.l(libinit2.o)
    0x0800024e   0x0800024e   0x00000002   Code   RO         6646    .ARM.Collect$$libinit$$00000033  c_w.l(libinit2.o)
    0x08000250   0x08000250   0x00000002   Code   RO         6664    .ARM.Collect$$libshutdown$$00000000  c_w.l(libshutdown.o)
    0x08000252   0x08000252   0x00000000   Code   RO         6674    .ARM.Collect$$libshutdown$$00000002  c_w.l(libshutdown2.o)
    0x08000252   0x08000252   0x00000000   Code   RO         6676    .ARM.Collect$$libshutdown$$00000004  c_w.l(libshutdown2.o)
    0x08000252   0x08000252   0x00000000   Code   RO         6679    .ARM.Collect$$libshutdown$$00000007  c_w.l(libshutdown2.o)
    0x08000252   0x08000252   0x00000000   Code   RO         6682    .ARM.Collect$$libshutdown$$0000000A  c_w.l(libshutdown2.o)
    0x08000252   0x08000252   0x00000000   Code   RO         6684    .ARM.Collect$$libshutdown$$0000000C  c_w.l(libshutdown2.o)
    0x08000252   0x08000252   0x00000000   Code   RO         6687    .ARM.Collect$$libshutdown$$0000000F  c_w.l(libshutdown2.o)
    0x08000252   0x08000252   0x00000002   Code   RO         6688    .ARM.Collect$$libshutdown$$00000010  c_w.l(libshutdown2.o)
    0x08000254   0x08000254   0x00000000   Code   RO         6497    .ARM.Collect$$rtentry$$00000000  c_w.l(__rtentry.o)
    0x08000254   0x08000254   0x00000000   Code   RO         6560    .ARM.Collect$$rtentry$$00000002  c_w.l(__rtentry2.o)
    0x08000254   0x08000254   0x00000006   Code   RO         6572    .ARM.Collect$$rtentry$$00000004  c_w.l(__rtentry4.o)
    0x0800025a   0x0800025a   0x00000000   Code   RO         6562    .ARM.Collect$$rtentry$$00000009  c_w.l(__rtentry2.o)
    0x0800025a   0x0800025a   0x00000004   Code   RO         6563    .ARM.Collect$$rtentry$$0000000A  c_w.l(__rtentry2.o)
    0x0800025e   0x0800025e   0x00000000   Code   RO         6565    .ARM.Collect$$rtentry$$0000000C  c_w.l(__rtentry2.o)
    0x0800025e   0x0800025e   0x00000008   Code   RO         6566    .ARM.Collect$$rtentry$$0000000D  c_w.l(__rtentry2.o)
    0x08000266   0x08000266   0x00000002   Code   RO         6600    .ARM.Collect$$rtexit$$00000000  c_w.l(rtexit.o)
    0x08000268   0x08000268   0x00000000   Code   RO         6648    .ARM.Collect$$rtexit$$00000002  c_w.l(rtexit2.o)
    0x08000268   0x08000268   0x00000004   Code   RO         6649    .ARM.Collect$$rtexit$$00000003  c_w.l(rtexit2.o)
    0x0800026c   0x0800026c   0x00000006   Code   RO         6650    .ARM.Collect$$rtexit$$00000004  c_w.l(rtexit2.o)
    0x08000272   0x08000272   0x00000002   PAD
    0x08000274   0x08000274   0x00000040   Code   RO         6389  * .text               startup_stm32f401xx.o
    0x080002b4   0x080002b4   0x00000002   Code   RO         6395    .text               c_w.l(use_no_semi_2.o)
    0x080002b6   0x080002b6   0x00000006   Code   RO         6427    .text               c_w.l(heapauxi.o)
    0x080002bc   0x080002bc   0x00000002   Code   RO         6495    .text               c_w.l(use_no_semi.o)
    0x080002be   0x080002be   0x00000016   Code   RO         6498    .text               c_w.l(_rserrno.o)
    0x080002d4   0x080002d4   0x00000008   Code   RO         6577    .text               c_w.l(rt_errno_addr_intlibspace.o)
    0x080002dc   0x080002dc   0x00000008   Code   RO         6585    .text               c_w.l(libspace.o)
    0x080002e4   0x080002e4   0x0000004a   Code   RO         6588    .text               c_w.l(sys_stackheap_outer.o)
    0x0800032e   0x0800032e   0x00000012   Code   RO         6592    .text               c_w.l(exit.o)
    0x08000340   0x08000340   0x000000c8   Code   RO         6330    My_Text             os_cpu_a.o
    0x08000408   0x08000408   0x0000003c   Code   RO          753    i.AHRS_Time_Init    ahrs.o
    0x08000444   0x08000444   0x00000004   Code   RO          164    i.BusFault_Handler  stm32f4xx_it.o
    0x08000448   0x08000448   0x00000380   Code   RO          754    i.CalcuEulerAngle2  ahrs.o
    0x080007c8   0x080007c8   0x00000002   Code   RO          165    i.DebugMon_Handler  stm32f4xx_it.o
    0x080007ca   0x080007ca   0x00000090   Code   RO         2426    i.GPIO_Init         stm32f4xx_gpio.o
    0x0800085a   0x0800085a   0x00000046   Code   RO         2427    i.GPIO_PinAFConfig  stm32f4xx_gpio.o
    0x080008a0   0x080008a0   0x00000004   Code   RO         2434    i.GPIO_SetBits      stm32f4xx_gpio.o
    0x080008a4   0x080008a4   0x00000040   Code   RO          755    i.Get_AHRS_Time     ahrs.o
    0x080008e4   0x080008e4   0x00000120   Code   RO          620    i.Get_Accel_Bias    mpu6050.o
    0x08000a04   0x08000a04   0x00000148   Code   RO          621    i.Get_Current_Angle  mpu6050.o
    0x08000b4c   0x08000b4c   0x000000f0   Code   RO          622    i.Get_Gyro_Bias     mpu6050.o
    0x08000c3c   0x08000c3c   0x00000040   Code   RO          557    i.Get_PID_Time      tim.o
    0x08000c7c   0x08000c7c   0x00000052   Code   RO          623    i.HMC5883L_Init     mpu6050.o
    0x08000cce   0x08000cce   0x00000004   Code   RO          166    i.HardFault_Handler  stm32f4xx_it.o
    0x08000cd2   0x08000cd2   0x00000002   PAD
    0x08000cd4   0x08000cd4   0x00000050   Code   RO          416    i.IIC_Ack           myiic.o
    0x08000d24   0x08000d24   0x00000054   Code   RO          417    i.IIC_Init          myiic.o
    0x08000d78   0x08000d78   0x00000050   Code   RO          418    i.IIC_NAck          myiic.o
    0x08000dc8   0x08000dc8   0x0000006c   Code   RO          421    i.IIC_Read_Byte     myiic.o
    0x08000e34   0x08000e34   0x00000068   Code   RO          422    i.IIC_Send_Byte     myiic.o
    0x08000e9c   0x08000e9c   0x0000004c   Code   RO          423    i.IIC_Start         myiic.o
    0x08000ee8   0x08000ee8   0x0000004c   Code   RO          424    i.IIC_Stop          myiic.o
    0x08000f34   0x08000f34   0x00000060   Code   RO          425    i.IIC_Wait_Ack      myiic.o
    0x08000f94   0x08000f94   0x0000003c   Code   RO          217    i.Limit_PWM         pid2.o
    0x08000fd0   0x08000fd0   0x00000050   Code   RO          624    i.MPU_Get_Accelerometer  mpu6050.o
    0x08001020   0x08001020   0x00000050   Code   RO          625    i.MPU_Get_Gyroscope  mpu6050.o
    0x08001070   0x08001070   0x00000082   Code   RO          627    i.MPU_Init          mpu6050.o
    0x080010f2   0x080010f2   0x0000003a   Code   RO          628    i.MPU_Read_Byte     mpu6050.o
    0x0800112c   0x0800112c   0x00000074   Code   RO          629    i.MPU_Read_Len      mpu6050.o
    0x080011a0   0x080011a0   0x00000010   Code   RO          630    i.MPU_Set_Accel_Fsr  mpu6050.o
    0x080011b0   0x080011b0   0x00000010   Code   RO          631    i.MPU_Set_Gyro_Fsr  mpu6050.o
    0x080011c0   0x080011c0   0x0000003a   Code   RO          632    i.MPU_Set_LPF       mpu6050.o
    0x080011fa   0x080011fa   0x0000003a   Code   RO          633    i.MPU_Set_Rate      mpu6050.o
    0x08001234   0x08001234   0x00000044   Code   RO          634    i.MPU_Write_Byte    mpu6050.o
    0x08001278   0x08001278   0x00000058   Code   RO          558    i.MY_TIM3_GPIO_Init  tim.o
    0x080012d0   0x080012d0   0x0000002c   Code   RO          559    i.MY_TIM3_Init      tim.o
    0x080012fc   0x080012fc   0x00000080   Code   RO          560    i.MY_TIM3_PWM_Init  tim.o
    0x0800137c   0x0800137c   0x0000065c   Code   RO          756    i.MahonyAHRSupdate  ahrs.o
    0x080019d8   0x080019d8   0x00000354   Code   RO          757    i.MahonyAHRSupdateIMU  ahrs.o
    0x08001d2c   0x08001d2c   0x00000004   Code   RO          167    i.MemManage_Handler  stm32f4xx_it.o
    0x08001d30   0x08001d30   0x00000178   Code   RO          218    i.Motor_Calculate   pid2.o
    0x08001ea8   0x08001ea8   0x000000e0   Code   RO          219    i.Motor_Expectation_Calculate  pid2.o
    0x08001f88   0x08001f88   0x00000002   Code   RO          168    i.NMI_Handler       stm32f4xx_it.o
    0x08001f8a   0x08001f8a   0x00000002   PAD
    0x08001f8c   0x08001f8c   0x00000078   Code   RO          822    i.NVIC_Init         misc.o
    0x08002004   0x08002004   0x00000014   Code   RO          823    i.NVIC_PriorityGroupConfig  misc.o
    0x08002018   0x08002018   0x00000024   Code   RO         5505    i.OSIntEnter        os_core.o
    0x0800203c   0x0800203c   0x00000090   Code   RO         5506    i.OSIntExit         os_core.o
    0x080020cc   0x080020cc   0x00000002   Code   RO         6230    i.OSTaskSwHook      os_cpu_c.o
    0x080020ce   0x080020ce   0x00000002   PAD
    0x080020d0   0x080020d0   0x000000ec   Code   RO         5511    i.OSTimeTick        os_core.o
    0x080021bc   0x080021bc   0x00000002   Code   RO         6231    i.OSTimeTickHook    os_cpu_c.o
    0x080021be   0x080021be   0x00000002   PAD
    0x080021c0   0x080021c0   0x0000002c   Code   RO         5529    i.OS_SchedNew       os_core.o
    0x080021ec   0x080021ec   0x0000012c   Code   RO          220    i.PID_Pitch_Calculate  pid2.o
    0x08002318   0x08002318   0x0000012c   Code   RO          221    i.PID_Roll_Calculate  pid2.o
    0x08002444   0x08002444   0x0000003c   Code   RO          561    i.PID_Time_Init     tim.o
    0x08002480   0x08002480   0x00000114   Code   RO          222    i.PID_Yaw_Calculate  pid2.o
    0x08002594   0x08002594   0x00000034   Code   RO          308    i.PWM_Output        motor.o
    0x080025c8   0x080025c8   0x00000020   Code   RO         3293    i.RCC_AHB1PeriphClockCmd  stm32f4xx_rcc.o
    0x080025e8   0x080025e8   0x00000020   Code   RO         3302    i.RCC_APB1PeriphClockCmd  stm32f4xx_rcc.o
    0x08002608   0x08002608   0x00000020   Code   RO         3304    i.RCC_APB1PeriphResetCmd  stm32f4xx_rcc.o
    0x08002628   0x08002628   0x00000020   Code   RO         3305    i.RCC_APB2PeriphClockCmd  stm32f4xx_rcc.o
    0x08002648   0x08002648   0x00000020   Code   RO         3307    i.RCC_APB2PeriphResetCmd  stm32f4xx_rcc.o
    0x08002668   0x08002668   0x000000e8   Code   RO         3314    i.RCC_GetClocksFreq  stm32f4xx_rcc.o
    0x08002750   0x08002750   0x00000002   Code   RO          169    i.SVC_Handler       stm32f4xx_it.o
    0x08002752   0x08002752   0x00000002   PAD
    0x08002754   0x08002754   0x000000e8   Code   RO         6335    i.SetSysClock       system_stm32f4xx.o
    0x0800283c   0x0800283c   0x00000028   Code   RO          826    i.SysTick_CLKSourceConfig  misc.o
    0x08002864   0x08002864   0x0000001c   Code   RO         6232    i.SysTick_Handler   os_cpu_c.o
    0x08002880   0x08002880   0x00000068   Code   RO         6337    i.SystemInit        system_stm32f4xx.o
    0x080028e8   0x080028e8   0x0000003a   Code   RO         4627    i.TI1_Config        stm32f4xx_tim.o
    0x08002922   0x08002922   0x00000050   Code   RO         4628    i.TI2_Config        stm32f4xx_tim.o
    0x08002972   0x08002972   0x00000048   Code   RO         4629    i.TI3_Config        stm32f4xx_tim.o
    0x080029ba   0x080029ba   0x00000050   Code   RO         4630    i.TI4_Config        stm32f4xx_tim.o
    0x08002a0a   0x08002a0a   0x00000002   PAD
    0x08002a0c   0x08002a0c   0x00000240   Code   RO          562    i.TIM1_CC_IRQHandler  tim.o
    0x08002c4c   0x08002c4c   0x0000017c   Code   RO          563    i.TIM1_Cap_Init     tim.o
    0x08002dc8   0x08002dc8   0x00000006   Code   RO         4638    i.TIM_ClearITPendingBit  stm32f4xx_tim.o
    0x08002dce   0x08002dce   0x00000018   Code   RO         4643    i.TIM_Cmd           stm32f4xx_tim.o
    0x08002de6   0x08002de6   0x00000002   PAD
    0x08002de8   0x08002de8   0x00000190   Code   RO         4648    i.TIM_DeInit        stm32f4xx_tim.o
    0x08002f78   0x08002f78   0x00000006   Code   RO         4658    i.TIM_GetCapture1   stm32f4xx_tim.o
    0x08002f7e   0x08002f7e   0x00000006   Code   RO         4659    i.TIM_GetCapture2   stm32f4xx_tim.o
    0x08002f84   0x08002f84   0x00000006   Code   RO         4660    i.TIM_GetCapture3   stm32f4xx_tim.o
    0x08002f8a   0x08002f8a   0x00000006   Code   RO         4661    i.TIM_GetCapture4   stm32f4xx_tim.o
    0x08002f90   0x08002f90   0x00000022   Code   RO         4664    i.TIM_GetITStatus   stm32f4xx_tim.o
    0x08002fb2   0x08002fb2   0x0000006e   Code   RO         4666    i.TIM_ICInit        stm32f4xx_tim.o
    0x08003020   0x08003020   0x00000012   Code   RO         4668    i.TIM_ITConfig      stm32f4xx_tim.o
    0x08003032   0x08003032   0x00000002   PAD
    0x08003034   0x08003034   0x0000007c   Code   RO         4672    i.TIM_OC1Init       stm32f4xx_tim.o
    0x080030b0   0x080030b0   0x00000012   Code   RO         4674    i.TIM_OC1PolarityConfig  stm32f4xx_tim.o
    0x080030c2   0x080030c2   0x00000012   Code   RO         4675    i.TIM_OC1PreloadConfig  stm32f4xx_tim.o
    0x080030d4   0x080030d4   0x000000a4   Code   RO         4677    i.TIM_OC2Init       stm32f4xx_tim.o
    0x08003178   0x08003178   0x0000001a   Code   RO         4679    i.TIM_OC2PolarityConfig  stm32f4xx_tim.o
    0x08003192   0x08003192   0x0000001a   Code   RO         4680    i.TIM_OC2PreloadConfig  stm32f4xx_tim.o
    0x080031ac   0x080031ac   0x000000a0   Code   RO         4682    i.TIM_OC3Init       stm32f4xx_tim.o
    0x0800324c   0x0800324c   0x0000001a   Code   RO         4684    i.TIM_OC3PolarityConfig  stm32f4xx_tim.o
    0x08003266   0x08003266   0x00000012   Code   RO         4685    i.TIM_OC3PreloadConfig  stm32f4xx_tim.o
    0x08003278   0x08003278   0x00000078   Code   RO         4687    i.TIM_OC4Init       stm32f4xx_tim.o
    0x080032f0   0x080032f0   0x0000001a   Code   RO         4688    i.TIM_OC4PolarityConfig  stm32f4xx_tim.o
    0x0800330a   0x0800330a   0x0000001a   Code   RO         4689    i.TIM_OC4PreloadConfig  stm32f4xx_tim.o
    0x08003324   0x08003324   0x00000004   Code   RO         4705    i.TIM_SetCompare1   stm32f4xx_tim.o
    0x08003328   0x08003328   0x00000004   Code   RO         4706    i.TIM_SetCompare2   stm32f4xx_tim.o
    0x0800332c   0x0800332c   0x00000004   Code   RO         4707    i.TIM_SetCompare3   stm32f4xx_tim.o
    0x08003330   0x08003330   0x00000004   Code   RO         4708    i.TIM_SetCompare4   stm32f4xx_tim.o
    0x08003334   0x08003334   0x00000012   Code   RO         4710    i.TIM_SetIC1Prescaler  stm32f4xx_tim.o
    0x08003346   0x08003346   0x0000001a   Code   RO         4711    i.TIM_SetIC2Prescaler  stm32f4xx_tim.o
    0x08003360   0x08003360   0x00000012   Code   RO         4712    i.TIM_SetIC3Prescaler  stm32f4xx_tim.o
    0x08003372   0x08003372   0x0000001a   Code   RO         4713    i.TIM_SetIC4Prescaler  stm32f4xx_tim.o
    0x0800338c   0x0800338c   0x00000084   Code   RO         4715    i.TIM_TimeBaseInit  stm32f4xx_tim.o
    0x08003410   0x08003410   0x00000088   Code   RO          367    i.USART1_IRQHandler  usart.o
    0x08003498   0x08003498   0x00000018   Code   RO         5193    i.USART_Cmd         stm32f4xx_usart.o
    0x080034b0   0x080034b0   0x0000001a   Code   RO         5196    i.USART_GetFlagStatus  stm32f4xx_usart.o
    0x080034ca   0x080034ca   0x00000054   Code   RO         5197    i.USART_GetITStatus  stm32f4xx_usart.o
    0x0800351e   0x0800351e   0x0000004a   Code   RO         5199    i.USART_ITConfig    stm32f4xx_usart.o
    0x08003568   0x08003568   0x000000d4   Code   RO         5200    i.USART_Init        stm32f4xx_usart.o
    0x0800363c   0x0800363c   0x0000000a   Code   RO         5207    i.USART_ReceiveData  stm32f4xx_usart.o
    0x08003646   0x08003646   0x00000008   Code   RO         5210    i.USART_SendData    stm32f4xx_usart.o
    0x0800364e   0x0800364e   0x00000004   Code   RO          170    i.UsageFault_Handler  stm32f4xx_it.o
    0x08003652   0x08003652   0x00000030   Code   RO         6554    i.__ARM_fpclassify  m_wm.l(fpclassify.o)
    0x08003682   0x08003682   0x00000006   PAD
    0x08003688   0x08003688   0x00000360   Code   RO         6457    i.__hardfp_asin     m_wm.l(asin.o)
    0x080039e8   0x080039e8   0x000002d8   Code   RO         6520    i.__hardfp_atan     m_wm.l(atan.o)
    0x08003cc0   0x08003cc0   0x000001f0   Code   RO         6471    i.__hardfp_atan2    m_wm.l(atan2.o)
    0x08003eb0   0x08003eb0   0x0000007a   Code   RO         6483    i.__hardfp_sqrt     m_wm.l(sqrt.o)
    0x08003f2a   0x08003f2a   0x000000f8   Code   RO         6556    i.__kernel_poly     m_wm.l(poly.o)
    0x08004022   0x08004022   0x00000014   Code   RO         6535    i.__mathlib_dbl_infnan  m_wm.l(dunder.o)
    0x08004036   0x08004036   0x00000014   Code   RO         6536    i.__mathlib_dbl_infnan2  m_wm.l(dunder.o)
    0x0800404a   0x0800404a   0x00000006   PAD
    0x08004050   0x08004050   0x00000020   Code   RO         6537    i.__mathlib_dbl_invalid  m_wm.l(dunder.o)
    0x08004070   0x08004070   0x00000020   Code   RO         6540    i.__mathlib_dbl_underflow  m_wm.l(dunder.o)
    0x08004090   0x08004090   0x00000004   Code   RO          368    i._sys_exit         usart.o
    0x08004094   0x08004094   0x00000010   Code   RO         6522    i.atan              m_wm.l(atan.o)
    0x080040a4   0x080040a4   0x0000003c   Code   RO         5439    i.delay_init        delay.o
    0x080040e0   0x080040e0   0x00000038   Code   RO         5440    i.delay_ms          delay.o
    0x08004118   0x08004118   0x0000004c   Code   RO         5441    i.delay_us          delay.o
    0x08004164   0x08004164   0x0000004c   Code   RO         5442    i.delay_xms         delay.o
    0x080041b0   0x080041b0   0x00000018   Code   RO         6550    i.fabs              m_wm.l(fabs.o)
    0x080041c8   0x080041c8   0x0000032c   Code   RO          758    i.get_angle         ahrs.o
    0x080044f4   0x080044f4   0x0000003c   Code   RO          759    i.invSqrt           ahrs.o
    0x08004530   0x08004530   0x00000090   Code   RO            3    i.main              main.o
    0x080045c0   0x080045c0   0x0000006e   Code   RO         6485    i.sqrt              m_wm.l(sqrt.o)
    0x0800462e   0x0800462e   0x00000002   PAD
    0x08004630   0x08004630   0x000000ac   Code   RO          370    i.uart_init         usart.o
    0x080046dc   0x080046dc   0x00000076   Code   RO          495    i.usart1_niming_report  mpu6050dmp.o
    0x08004752   0x08004752   0x000000f0   Code   RO          496    i.usart1_report_ahrs  mpu6050dmp.o
    0x08004842   0x08004842   0x00000002   PAD
    0x08004844   0x08004844   0x00000020   Code   RO          498    i.usart1_send_char  mpu6050dmp.o
    0x08004864   0x08004864   0x00000018   Code   RO         6505    x$fpl$basic         fz_wm.l(basic.o)
    0x0800487c   0x0800487c   0x00000062   Code   RO         6431    x$fpl$d2f           fz_wm.l(d2f.o)
    0x080048de   0x080048de   0x00000002   PAD
    0x080048e0   0x080048e0   0x00000150   Code   RO         6433    x$fpl$dadd          fz_wm.l(daddsub_clz.o)
    0x08004a30   0x08004a30   0x00000018   Code   RO         6507    x$fpl$dcmpinf       fz_wm.l(dcmpi.o)
    0x08004a48   0x08004a48   0x000002b0   Code   RO         6440    x$fpl$ddiv          fz_wm.l(ddiv.o)
    0x08004cf8   0x08004cf8   0x0000002e   Code   RO         6444    x$fpl$dflt          fz_wm.l(dflt_clz.o)
    0x08004d26   0x08004d26   0x00000002   PAD
    0x08004d28   0x08004d28   0x00000078   Code   RO         6449    x$fpl$dleqf         fz_wm.l(dleqf.o)
    0x08004da0   0x08004da0   0x00000154   Code   RO         6451    x$fpl$dmul          fz_wm.l(dmul.o)
    0x08004ef4   0x08004ef4   0x0000009c   Code   RO         6509    x$fpl$dnaninf       fz_wm.l(dnaninf.o)
    0x08004f90   0x08004f90   0x0000000c   Code   RO         6511    x$fpl$dretinf       fz_wm.l(dretinf.o)
    0x08004f9c   0x08004f9c   0x0000006c   Code   RO         6453    x$fpl$drleqf        fz_wm.l(drleqf.o)
    0x08005008   0x08005008   0x00000016   Code   RO         6434    x$fpl$drsb          fz_wm.l(daddsub_clz.o)
    0x0800501e   0x0800501e   0x00000002   PAD
    0x08005020   0x08005020   0x00000198   Code   RO         6513    x$fpl$dsqrt         fz_wm.l(dsqrt_umaal.o)
    0x080051b8   0x080051b8   0x000001d4   Code   RO         6435    x$fpl$dsub          fz_wm.l(daddsub_clz.o)
    0x0800538c   0x0800538c   0x00000056   Code   RO         6455    x$fpl$f2d           fz_wm.l(f2d.o)
    0x080053e2   0x080053e2   0x0000008c   Code   RO         6515    x$fpl$fnaninf       fz_wm.l(fnaninf.o)
    0x0800546e   0x0800546e   0x0000000a   Code   RO         6656    x$fpl$fpinit        fz_wm.l(fpinit.o)
    0x08005478   0x08005478   0x0000000a   Code   RO         6517    x$fpl$fretinf       fz_wm.l(fretinf.o)
    0x08005482   0x08005482   0x00000000   Code   RO         6519    x$fpl$usenofp       fz_wm.l(usenofp.o)
    0x08005482   0x08005482   0x00000100   Data   RO         5536    .constdata          os_core.o
    0x08005582   0x08005582   0x00000006   PAD
    0x08005588   0x08005588   0x00000050   Data   RO         6460    .constdata          m_wm.l(asin.o)
    0x080055d8   0x080055d8   0x00000098   Data   RO         6523    .constdata          m_wm.l(atan.o)
    0x08005670   0x08005670   0x00000008   Data   RO         6558    .constdata          m_wm.l(qnan.o)
    0x08005678   0x08005678   0x00000020   Data   RO         6720    Region$$Table       anon$$obj.o


    Execution Region ER_RW (Exec base: 0x20000000, Load base: 0x08005698, Size: 0x00000188, Max: 0xffffffff, ABSOLUTE, COMPRESSED[0x00000048])

    Exec Addr    Load Addr    Size         Type   Attr      Idx    E Section Name        Object

    0x20000000   COMPRESSED   0x0000007c   Data   RW          223    .data               pid2.o
    0x2000007c   COMPRESSED   0x00000008   Data   RW          344    .data               pwm_capture.o
    0x20000084   COMPRESSED   0x00000006   Data   RW          372    .data               usart.o
    0x2000008a   COMPRESSED   0x00000002   PAD
    0x2000008c   COMPRESSED   0x0000001c   Data   RW          564    .data               tim.o
    0x200000a8   COMPRESSED   0x00000034   Data   RW          639    .data               mpu6050.o
    0x200000dc   COMPRESSED   0x0000004c   Data   RW          760    .data               ahrs.o
    0x20000128   COMPRESSED   0x00000010   Data   RW         3346    .data               stm32f4xx_rcc.o
    0x20000138   COMPRESSED   0x00000004   Data   RW         5443    .data               delay.o
    0x2000013c   COMPRESSED   0x0000004c   Data   RW         5537    .data               os_core.o


    Execution Region ER_ZI (Exec base: 0x20000188, Load base: 0x080056e0, Size: 0x00002548, Max: 0xffffffff, ABSOLUTE)

    Exec Addr    Load Addr    Size         Type   Attr      Idx    E Section Name        Object

    0x20000188        -       0x000000c8   Zero   RW          371    .bss                usart.o
    0x20000250        -       0x00001e20   Zero   RW         5535    .bss                os_core.o
    0x20002070        -       0x00000060   Zero   RW         6586    .bss                c_w.l(libspace.o)
    0x200020d0        -       0x00000200   Zero   RW         6387    HEAP                startup_stm32f401xx.o
    0x200022d0        -       0x00000400   Zero   RW         6386    STACK               startup_stm32f401xx.o


==============================================================================

Image component sizes


      Code (inc. data)   RO Data    RW Data    ZI Data      Debug   Object Name

      4372        302          0         76          0       8707   ahrs.o
       268         16          0          4          0       2323   delay.o
       144         34          0          0          0     251527   main.o
       180         24          0          0          0       2053   misc.o
        52          4          0          0          0        645   motor.o
      1618         64          0         52          0      10203   mpu6050.o
       390          4          0          0          0       2907   mpu6050dmp.o
       704        108          0          0          0       4214   myiic.o
       460         84        256         76       7712      10609   os_core.o
       200         32          0          0          0        272   os_cpu_a.o
        32          4          0          0          0       1318   os_cpu_c.o
      1536        272          0        124          0     203256   pid2.o
         0          0          0          8          0        298   pwm_capture.o
        64         26        404          0       1536        804   startup_stm32f401xx.o
       218          0          0          0          0       2306   stm32f4xx_gpio.o
        22          0          0          0          0       3131   stm32f4xx_it.o
       392         48          0         16          0       5633   stm32f4xx_rcc.o
      1894        120          0          0          0      21508   stm32f4xx_tim.o
       438          8          0          0          0       5321   stm32f4xx_usart.o
       336         32          0          0          0       1561   system_stm32f4xx.o
      1340        116          0         28          0       5199   tim.o
       312         24          0          6        200       3608   usart.o

    ----------------------------------------------------------------------
     14990       1322        698        392       9448     547403   Object Totals
         0          0         32          0          0          0   (incl. Generated)
        18          0          6          2          0          0   (incl. Padding)

    ----------------------------------------------------------------------

      Code (inc. data)   RO Data    RW Data    ZI Data      Debug   Library Member Name

        90          0          0          0          0          0   __dczerorl2.o
         8          0          0          0          0         68   __main.o
         0          0          0          0          0          0   __rtentry.o
        12          0          0          0          0          0   __rtentry2.o
         6          0          0          0          0          0   __rtentry4.o
        52          8          0          0          0          0   __scatter.o
        28          0          0          0          0          0   __scatter_zi.o
        22          0          0          0          0        100   _rserrno.o
        18          0          0          0          0         80   exit.o
         6          0          0          0          0        152   heapauxi.o
         2          0          0          0          0          0   libinit.o
         6          0          0          0          0          0   libinit2.o
         2          0          0          0          0          0   libshutdown.o
         2          0          0          0          0          0   libshutdown2.o
         8          4          0          0         96         68   libspace.o
         8          4          0          0          0         68   rt_errno_addr_intlibspace.o
         2          0          0          0          0          0   rtexit.o
        10          0          0          0          0          0   rtexit2.o
        74          0          0          0          0         80   sys_stackheap_outer.o
         2          0          0          0          0         68   use_no_semi.o
         2          0          0          0          0         68   use_no_semi_2.o
        24          0          0          0          0        164   basic.o
        98          4          0          0          0        140   d2f.o
       826         16          0          0          0        492   daddsub_clz.o
        24          0          0          0          0        116   dcmpi.o
       688        140          0          0          0        256   ddiv.o
        46          0          0          0          0        116   dflt_clz.o
       120          4          0          0          0        140   dleqf.o
       340         12          0          0          0        152   dmul.o
       156          4          0          0          0        140   dnaninf.o
        12          0          0          0          0        116   dretinf.o
       108          0          0          0          0        128   drleqf.o
       408         56          0          0          0        168   dsqrt_umaal.o
        86          4          0          0          0        132   f2d.o
       140          4          0          0          0        132   fnaninf.o
        10          0          0          0          0        116   fpinit.o
        10          0          0          0          0        116   fretinf.o
         0          0          0          0          0          0   usenofp.o
       864         94         80          0          0        280   asin.o
       744        106        152          0          0        352   atan.o
       496         64          0          0          0        192   atan2.o
       104         16          0          0          0        496   dunder.o
        24          0          0          0          0        124   fabs.o
        48          0          0          0          0        124   fpclassify.o
       248          0          0          0          0        152   poly.o
         0          0          8          0          0          0   qnan.o
       232          0          0          0          0        296   sqrt.o

    ----------------------------------------------------------------------
      6240        540        240          0         96       5392   Library Totals
        24          0          0          0          0          0   (incl. Padding)

    ----------------------------------------------------------------------

      Code (inc. data)   RO Data    RW Data    ZI Data      Debug   Library Name

       360         16          0          0         96        752   c_w.l
      3096        244          0          0          0       2624   fz_wm.l
      2760        280        240          0          0       2016   m_wm.l

    ----------------------------------------------------------------------
      6240        540        240          0         96       5392   Library Totals

    ----------------------------------------------------------------------

==============================================================================


      Code (inc. data)   RO Data    RW Data    ZI Data      Debug   

     21230       1862        938        392       9544     538335   Grand Totals
     21230       1862        938         72       9544     538335   ELF Image Totals (compressed)
     21230       1862        938         72          0          0   ROM Totals

==============================================================================

    Total RO  Size (Code + RO Data)                22168 (  21.65kB)
    Total RW  Size (RW Data + ZI Data)              9936 (   9.70kB)
    Total ROM Size (Code + RO Data + RW Data)      22240 (  21.72kB)

==============================================================================

